Archive member included to satisfy reference by file (symbol)

/usr/bin/../lib/gcc/arm-none-eabi/5.4.1/armv6-m/libgcc.a(_udivsi3.o)
                              /tmp/ccMaZUjQ.ltrans0.ltrans.o (__aeabi_uidiv)
/usr/bin/../lib/gcc/arm-none-eabi/5.4.1/armv6-m/libgcc.a(_dvmd_tls.o)
                              /usr/bin/../lib/gcc/arm-none-eabi/5.4.1/armv6-m/libgcc.a(_udivsi3.o) (__aeabi_idiv0)
/usr/bin/../lib/gcc/arm-none-eabi/5.4.1/../../../../arm-none-eabi/lib/armv6-m/libg.a(lib_a-memcpy-stub.o)
                              /tmp/ccMaZUjQ.ltrans6.ltrans.o (memcpy)

Discarded input sections

 .data          0x0000000000000000        0x0 build/obj/crt0_v6m.o
 .bss           0x0000000000000000        0x0 build/obj/crt0_v6m.o
 .data          0x0000000000000000        0x0 build/obj/chcoreasm_v6m.o
 .bss           0x0000000000000000        0x0 build/obj/chcoreasm_v6m.o
 .text          0x0000000000000000        0x0 build/obj/crt1.o (symbol from plugin)
 .text          0x0000000000000000        0x0 /tmp/ccMaZUjQ.ltrans0.ltrans.o
 .data          0x0000000000000000        0x0 /tmp/ccMaZUjQ.ltrans0.ltrans.o
 .bss           0x0000000000000000        0x0 /tmp/ccMaZUjQ.ltrans0.ltrans.o
 .data.SystemCoreClock
                0x0000000000000000        0x4 /tmp/ccMaZUjQ.ltrans0.ltrans.o
 .rodata.default_config.lto_priv.138
                0x0000000000000000       0x10 /tmp/ccMaZUjQ.ltrans0.ltrans.o
 .data.patterns.lto_priv.125
                0x0000000000000000       0x34 /tmp/ccMaZUjQ.ltrans0.ltrans.o
 .bss.test_global_fail
                0x0000000000000000        0x1 /tmp/ccMaZUjQ.ltrans0.ltrans.o
 .bss.local_fail.lto_priv.126
                0x0000000000000000        0x1 /tmp/ccMaZUjQ.ltrans0.ltrans.o
 .bss.failpoint.lto_priv.127
                0x0000000000000000        0x4 /tmp/ccMaZUjQ.ltrans0.ltrans.o
 .bss.tokens_buffer.lto_priv.132
                0x0000000000000000       0x10 /tmp/ccMaZUjQ.ltrans0.ltrans.o
 .bss.tokp.lto_priv.133
                0x0000000000000000        0x4 /tmp/ccMaZUjQ.ltrans0.ltrans.o
 .bss.test      0x0000000000000000      0x668 /tmp/ccMaZUjQ.ltrans0.ltrans.o
 .bss.threads   0x0000000000000000       0x14 /tmp/ccMaZUjQ.ltrans0.ltrans.o
 .rodata.wa     0x0000000000000000       0x14 /tmp/ccMaZUjQ.ltrans0.ltrans.o
 .bss.chp.lto_priv.124
                0x0000000000000000        0x4 /tmp/ccMaZUjQ.ltrans0.ltrans.o
 .bss.test_timer_done
                0x0000000000000000        0x1 /tmp/ccMaZUjQ.ltrans0.ltrans.o
 .bss.vt.lto_priv.128
                0x0000000000000000       0x14 /tmp/ccMaZUjQ.ltrans0.ltrans.o
 .rodata.testthd1
                0x0000000000000000       0x10 /tmp/ccMaZUjQ.ltrans0.ltrans.o
 .rodata.testthd2
                0x0000000000000000       0x10 /tmp/ccMaZUjQ.ltrans0.ltrans.o
 .rodata.testthd3
                0x0000000000000000       0x10 /tmp/ccMaZUjQ.ltrans0.ltrans.o
 .rodata.testthd4
                0x0000000000000000       0x10 /tmp/ccMaZUjQ.ltrans0.ltrans.o
 .rodata.patternthd
                0x0000000000000000       0x14 /tmp/ccMaZUjQ.ltrans0.ltrans.o
 .data.sem1.lto_priv.0
                0x0000000000000000        0xc /tmp/ccMaZUjQ.ltrans0.ltrans.o
 .rodata.testsem1
                0x0000000000000000       0x10 /tmp/ccMaZUjQ.ltrans0.ltrans.o
 .rodata.testsem2
                0x0000000000000000       0x10 /tmp/ccMaZUjQ.ltrans0.ltrans.o
 .rodata.testsem3
                0x0000000000000000       0x10 /tmp/ccMaZUjQ.ltrans0.ltrans.o
 .rodata.testsem4
                0x0000000000000000       0x10 /tmp/ccMaZUjQ.ltrans0.ltrans.o
 .rodata.patternsem
                0x0000000000000000       0x14 /tmp/ccMaZUjQ.ltrans0.ltrans.o
 .data.m1.lto_priv.100
                0x0000000000000000       0x10 /tmp/ccMaZUjQ.ltrans0.ltrans.o
 .data.m2.lto_priv.99
                0x0000000000000000       0x10 /tmp/ccMaZUjQ.ltrans0.ltrans.o
 .data.c1.lto_priv.98
                0x0000000000000000        0x8 /tmp/ccMaZUjQ.ltrans0.ltrans.o
 .rodata.testmtx1
                0x0000000000000000       0x10 /tmp/ccMaZUjQ.ltrans0.ltrans.o
 .rodata.testmtx4
                0x0000000000000000       0x10 /tmp/ccMaZUjQ.ltrans0.ltrans.o
 .rodata.testmtx5
                0x0000000000000000       0x10 /tmp/ccMaZUjQ.ltrans0.ltrans.o
 .rodata.testmtx6
                0x0000000000000000       0x10 /tmp/ccMaZUjQ.ltrans0.ltrans.o
 .rodata.testmtx7
                0x0000000000000000       0x10 /tmp/ccMaZUjQ.ltrans0.ltrans.o
 .rodata.testmtx8
                0x0000000000000000       0x10 /tmp/ccMaZUjQ.ltrans0.ltrans.o
 .rodata.patternmtx
                0x0000000000000000       0x1c /tmp/ccMaZUjQ.ltrans0.ltrans.o
 .rodata.testmsg1
                0x0000000000000000       0x10 /tmp/ccMaZUjQ.ltrans0.ltrans.o
 .rodata.patternmsg
                0x0000000000000000        0x8 /tmp/ccMaZUjQ.ltrans0.ltrans.o
 .data.mb1.lto_priv.91
                0x0000000000000000       0x28 /tmp/ccMaZUjQ.ltrans0.ltrans.o
 .rodata.testmbox1
                0x0000000000000000       0x10 /tmp/ccMaZUjQ.ltrans0.ltrans.o
 .rodata.patternmbox
[...]
Memory Configuration

Name             Origin             Length             Attributes
flash            0x0000000008000000 0x0000000000008000
ram0             0x0000000020000000 0x0000000000001800
ram1             0x0000000000000000 0x0000000000000000
ram2             0x0000000000000000 0x0000000000000000
ram3             0x0000000000000000 0x0000000000000000
ram4             0x0000000000000000 0x0000000000000000
ram5             0x0000000000000000 0x0000000000000000
ram6             0x0000000000000000 0x0000000000000000
ram7             0x0000000000000000 0x0000000000000000
*default*        0x0000000000000000 0xffffffffffffffff

Linker script and memory map

LOAD build/obj/crt0_v6m.o
LOAD build/obj/chcoreasm_v6m.o
LOAD build/obj/crt1.o
LOAD /tmp/ccMaZUjQ.ltrans0.ltrans.o
LOAD /tmp/ccMaZUjQ.ltrans1.ltrans.o
LOAD /tmp/ccMaZUjQ.ltrans2.ltrans.o
LOAD /tmp/ccMaZUjQ.ltrans3.ltrans.o
LOAD /tmp/ccMaZUjQ.ltrans4.ltrans.o
LOAD /tmp/ccMaZUjQ.ltrans5.ltrans.o
LOAD /tmp/ccMaZUjQ.ltrans6.ltrans.o
LOAD /tmp/ccMaZUjQ.ltrans7.ltrans.o
LOAD /tmp/ccMaZUjQ.ltrans8.ltrans.o
LOAD /tmp/ccMaZUjQ.ltrans9.ltrans.o
LOAD build/obj/vectors.o
LOAD build/obj/chsys.o
LOAD build/obj/chdebug.o
LOAD build/obj/chvt.o
LOAD build/obj/chschd.o
LOAD build/obj/chthreads.o
LOAD build/obj/chdynamic.o
LOAD build/obj/chregistry.o
LOAD build/obj/chsem.o
LOAD build/obj/chmtx.o
LOAD build/obj/chcond.o
LOAD build/obj/chevents.o
LOAD build/obj/chmsg.o
LOAD build/obj/chmboxes.o
LOAD build/obj/chqueues.o
LOAD build/obj/chmemcore.o
LOAD build/obj/chheap.o
LOAD build/obj/chmempools.o
LOAD build/obj/chcore.o
LOAD build/obj/chcore_v6m.o
LOAD build/obj/osal.o
LOAD build/obj/hal.o
LOAD build/obj/st.o
LOAD build/obj/hal_buffers.o
LOAD build/obj/hal_queues.o
LOAD build/obj/hal_mmcsd.o
LOAD build/obj/pal.o
LOAD build/obj/pwm.o
LOAD build/obj/serial.o
LOAD build/obj/nvic.o
LOAD build/obj/hal_lld.o
LOAD build/obj/stm32_dma.o
LOAD build/obj/st_lld.o
LOAD build/obj/pal_lld.o
LOAD build/obj/pwm_lld.o
LOAD build/obj/serial_lld.o
LOAD build/obj/board.o
LOAD build/obj/test.o
LOAD build/obj/testthd.o
LOAD build/obj/testsem.o
LOAD build/obj/testmtx.o
LOAD build/obj/testmsg.o
LOAD build/obj/testmbox.o
LOAD build/obj/testevt.o
LOAD build/obj/testheap.o
LOAD build/obj/testpools.o
LOAD build/obj/testdyn.o
LOAD build/obj/testqueues.o
LOAD build/obj/testsys.o
LOAD build/obj/testbmk.o
LOAD build/obj/main.o
                0x0000000020000000                __ram0_start__ = ORIGIN (ram0)
                0x0000000000001800                __ram0_size__ = LENGTH (ram0)
                0x0000000020001800                __ram0_end__ = (__ram0_start__ + __ram0_size__)
                0x0000000000000000                __ram1_start__ = ORIGIN (ram1)
                0x0000000000000000                __ram1_size__ = LENGTH (ram1)
                0x0000000000000000                __ram1_end__ = (__ram1_start__ + __ram1_size__)
                0x0000000000000000                __ram2_start__ = ORIGIN (ram2)
                0x0000000000000000                __ram2_size__ = LENGTH (ram2)
                0x0000000000000000                __ram2_end__ = (__ram2_start__ + __ram2_size__)
                0x0000000000000000                __ram3_start__ = ORIGIN (ram3)
                0x0000000000000000                __ram3_size__ = LENGTH (ram3)
                0x0000000000000000                __ram3_end__ = (__ram3_start__ + __ram3_size__)
                0x0000000000000000                __ram4_start__ = ORIGIN (ram4)
                0x0000000000000000                __ram4_size__ = LENGTH (ram4)
                0x0000000000000000                __ram4_end__ = (__ram4_start__ + __ram4_size__)
                0x0000000000000000                __ram5_start__ = ORIGIN (ram5)
                0x0000000000000000                __ram5_size__ = LENGTH (ram5)
                0x0000000000000000                __ram5_end__ = (__ram5_start__ + __ram5_size__)
                0x0000000000000000                __ram6_start__ = ORIGIN (ram6)
                0x0000000000000000                __ram6_size__ = LENGTH (ram6)
                0x0000000000000000                __ram6_end__ = (__ram6_start__ + __ram6_size__)
                0x0000000000000000                __ram7_start__ = ORIGIN (ram7)
                0x0000000000000000                __ram7_size__ = LENGTH (ram7)
                0x0000000000000000                __ram7_end__ = (__ram7_start__ + __ram7_size__)
                0x0000000000000000                . = 0x0
                0x0000000000000000                _text = .

startup         0x0000000008000000       0xc0
 *(.vectors)
 .vectors       0x0000000008000000       0xc0 /tmp/ccMaZUjQ.ltrans0.ltrans.o
                0x0000000008000000                _vectors

constructors    0x00000000080000c0        0x0
                0x00000000080000c0                __init_array_start = .
 *(SORT(.init_array.*))
 *(.init_array)
                0x00000000080000c0                __init_array_end = .

destructors     0x00000000080000c0        0x0
                0x00000000080000c0                __fini_array_start = .
 *(.fini_array)
 *(SORT(.fini_array.*))
                0x00000000080000c0                __fini_array_end = .

.text           0x00000000080000c0     0x2fd0
 *(.text)
 .text          0x00000000080000c0       0xc8 build/obj/crt0_v6m.o
                0x00000000080000c0                Reset_Handler
 *fill*         0x0000000008000188        0x8 
 .text          0x0000000008000190       0x40 build/obj/chcoreasm_v6m.o
                0x0000000008000190                _port_switch
                0x00000000080001b0                _port_thread_start
                0x00000000080001bc                _port_switch_from_isr
                0x00000000080001c0                _port_exit_from_isr
 .text          0x00000000080001d0      0x114 /usr/bin/../lib/gcc/arm-none-eabi/5.4.1/armv6-m/libgcc.a(_udivsi3.o)
                0x00000000080001d0                __udivsi3
                0x00000000080001d0                __aeabi_uidiv
                0x00000000080002dc                __aeabi_uidivmod
 *fill*         0x00000000080002e4        0xc 
 .text          0x00000000080002f0        0x4 /usr/bin/../lib/gcc/arm-none-eabi/5.4.1/armv6-m/libgcc.a(_dvmd_tls.o)
                0x00000000080002f0                __aeabi_ldiv0
                0x00000000080002f0                __aeabi_idiv0
 *(.text.*)
 *fill*         0x00000000080002f4        0xc 
 .text.chRegSetThreadName
                0x0000000008000300       0x14 /tmp/ccMaZUjQ.ltrans0.ltrans.o
 *fill*         0x0000000008000314        0xc 
 .text.pwmpcb   0x0000000008000320       0x20 /tmp/ccMaZUjQ.ltrans0.ltrans.o
 .text.pwmc1cb  0x0000000008000340       0x20 /tmp/ccMaZUjQ.ltrans0.ltrans.o
 .text.thd_LED  0x0000000008000360       0x20 /tmp/ccMaZUjQ.ltrans0.ltrans.o
 .text.main     0x0000000008000380       0x70 /tmp/ccMaZUjQ.ltrans0.ltrans.o
                0x0000000008000380                main
 .text.fadeUp   0x00000000080003f0      0x114 /tmp/ccMaZUjQ.ltrans0.ltrans.o
 *fill*         0x0000000008000504        0xc 
 .text.fadeDown
                0x0000000008000510      0x110 /tmp/ccMaZUjQ.ltrans0.ltrans.o
 .text.pwm_lld_init
                0x0000000008000620       0x3c /tmp/ccMaZUjQ.ltrans5.ltrans.o
                0x0000000008000620                pwm_lld_init
 *fill*         0x000000000800065c        0x4 
 .text.pwm_lld_start
                0x0000000008000660      0x1cc /tmp/ccMaZUjQ.ltrans5.ltrans.o
                0x0000000008000660                pwm_lld_start
 *fill*         0x000000000800082c        0x4 
 .text.pwm_lld_enable_channel
                0x0000000008000830       0x28 /tmp/ccMaZUjQ.ltrans5.ltrans.o
                0x0000000008000830                pwm_lld_enable_channel
 *fill*         0x0000000008000858        0x8 
 .text.pwm_lld_enable_periodic_notification
                0x0000000008000860       0x34 /tmp/ccMaZUjQ.ltrans5.ltrans.o
                0x0000000008000860                pwm_lld_enable_periodic_notification
 *fill*         0x0000000008000894        0xc 
 .text.pwm_lld_enable_channel_notification
                0x00000000080008a0       0x58 /tmp/ccMaZUjQ.ltrans5.ltrans.o
                0x00000000080008a0                pwm_lld_enable_channel_notification
 *fill*         0x00000000080008f8        0x8 
 .text.pwm_lld_serve_interrupt
                0x0000000008000900       0xc4 /tmp/ccMaZUjQ.ltrans5.ltrans.o
                0x0000000008000900                pwm_lld_serve_interrupt
 *fill*         0x00000000080009c4        0xc 
 .text.port_lock.lto_priv.136
                0x00000000080009d0        0x4 /tmp/ccMaZUjQ.ltrans5.ltrans.o
 *fill*         0x00000000080009d4        0xc 
 .text.port_unlock.lto_priv.134
                0x00000000080009e0        0x4 /tmp/ccMaZUjQ.ltrans5.ltrans.o
 *fill*         0x00000000080009e4        0xc 
 .text.port_lock_from_isr
                0x00000000080009f0        0x8 /tmp/ccMaZUjQ.ltrans5.ltrans.o
 *fill*         0x00000000080009f8        0x8 
 .text.port_unlock_from_isr
                0x0000000008000a00        0x8 /tmp/ccMaZUjQ.ltrans5.ltrans.o
 *fill*         0x0000000008000a08        0x8 
 .text.chSysLockFromISR
                0x0000000008000a10        0x8 /tmp/ccMaZUjQ.ltrans5.ltrans.o
 *fill*         0x0000000008000a18        0x8 
 .text.chSysUnlockFromISR
                0x0000000008000a20        0x8 /tmp/ccMaZUjQ.ltrans5.ltrans.o
 *fill*         0x0000000008000a28        0x8 
 .text.chOQIsEmptyI
                0x0000000008000a30       0x2c /tmp/ccMaZUjQ.ltrans5.ltrans.o
 *fill*         0x0000000008000a5c        0x4 
 .text.osalSysLockFromISR
                0x0000000008000a60        0x8 /tmp/ccMaZUjQ.ltrans5.ltrans.o
 *fill*         0x0000000008000a68        0x8 
 .text.osalSysUnlockFromISR
                0x0000000008000a70        0x8 /tmp/ccMaZUjQ.ltrans5.ltrans.o
 *fill*         0x0000000008000a78        0x8 
 .text.osalEventBroadcastFlagsI
                0x0000000008000a80       0x18 /tmp/ccMaZUjQ.ltrans5.ltrans.o
 *fill*         0x0000000008000a98        0x8 
 .text.set_error
                0x0000000008000aa0       0x68 /tmp/ccMaZUjQ.ltrans5.ltrans.o
 *fill*         0x0000000008000b08        0x8 
 .text.serve_interrupt
                0x0000000008000b10      0x100 /tmp/ccMaZUjQ.ltrans5.ltrans.o
 .text.notify2  0x0000000008000c10       0x18 /tmp/ccMaZUjQ.ltrans5.ltrans.o
 *fill*         0x0000000008000c28        0x8 
 .text.VectorB0
                0x0000000008000c30       0x20 /tmp/ccMaZUjQ.ltrans5.ltrans.o
                0x0000000008000c30                VectorB0
 .text.sd_lld_init
                0x0000000008000c50       0x34 /tmp/ccMaZUjQ.ltrans5.ltrans.o
                0x0000000008000c50                sd_lld_init
 *fill*         0x0000000008000c84        0xc 
 .text.__early_init
                0x0000000008000c90        0x8 /tmp/ccMaZUjQ.ltrans5.ltrans.o
                0x0000000008000c90                __early_init
 *fill*         0x0000000008000c98        0x8 
 .text.boardInit
                0x0000000008000ca0        0x4 /tmp/ccMaZUjQ.ltrans5.ltrans.o
                0x0000000008000ca0                boardInit
 *fill*         0x0000000008000ca4        0xc 
 .text.port_lock.lto_priv.142
                0x0000000008000cb0        0x4 /tmp/ccMaZUjQ.ltrans6.ltrans.o
 *fill*         0x0000000008000cb4        0xc 
 .text.port_unlock.lto_priv.139
                0x0000000008000cc0        0x4 /tmp/ccMaZUjQ.ltrans6.ltrans.o
 *fill*         0x0000000008000cc4        0xc 
 .text.chSysLock.lto_priv.154
                0x0000000008000cd0        0x8 /tmp/ccMaZUjQ.ltrans6.ltrans.o
 *fill*         0x0000000008000cd8        0x8 
 .text.chSysUnlock.lto_priv.152
                0x0000000008000ce0        0x8 /tmp/ccMaZUjQ.ltrans6.ltrans.o
 *fill*         0x0000000008000ce8        0x8 
 .text.osalSysLock.lto_priv.150
                0x0000000008000cf0        0x8 /tmp/ccMaZUjQ.ltrans6.ltrans.o
 *fill*         0x0000000008000cf8        0x8 
 .text.osalSysUnlock.lto_priv.147
                0x0000000008000d00        0x8 /tmp/ccMaZUjQ.ltrans6.ltrans.o
 *fill*         0x0000000008000d08        0x8 
 .text.pwmInit  0x0000000008000d10        0x8 /tmp/ccMaZUjQ.ltrans6.ltrans.o
                0x0000000008000d10                pwmInit
 *fill*         0x0000000008000d18        0x8 
 .text.pwmObjectInit
                0x0000000008000d20       0x20 /tmp/ccMaZUjQ.ltrans6.ltrans.o
                0x0000000008000d20                pwmObjectInit
 .text.pwmStart
                0x0000000008000d40       0x38 /tmp/ccMaZUjQ.ltrans6.ltrans.o
                0x0000000008000d40                pwmStart
 *fill*         0x0000000008000d78        0x8 
 .text.pwmEnableChannel
                0x0000000008000d80       0x44 /tmp/ccMaZUjQ.ltrans6.ltrans.o
                0x0000000008000d80                pwmEnableChannel
 *fill*         0x0000000008000dc4        0xc 
 .text.pwmEnablePeriodicNotification
                0x0000000008000dd0       0x1c /tmp/ccMaZUjQ.ltrans6.ltrans.o
                0x0000000008000dd0                pwmEnablePeriodicNotification
 *fill*         0x0000000008000dec        0x4 
 .text.pwmEnableChannelNotification
                0x0000000008000df0       0x2c /tmp/ccMaZUjQ.ltrans6.ltrans.o
                0x0000000008000df0                pwmEnableChannelNotification
 *fill*         0x0000000008000e1c        0x4 
 .text.chEvtObjectInit
                0x0000000008000e20       0x10 /tmp/ccMaZUjQ.ltrans6.ltrans.o
 .text.chIQIsEmptyI
                0x0000000008000e30       0x14 /tmp/ccMaZUjQ.ltrans6.ltrans.o
 *fill*         0x0000000008000e44        0xc 
 .text.osalEventObjectInit
                0x0000000008000e50       0x14 /tmp/ccMaZUjQ.ltrans6.ltrans.o
 *fill*         0x0000000008000e64        0xc 
 .text.osalEventBroadcastFlagsI
                0x0000000008000e70       0x18 /tmp/ccMaZUjQ.ltrans6.ltrans.o
 *fill*         0x0000000008000e88        0x8 
 .text.write.lto_priv.58
                0x0000000008000e90       0x24 /tmp/ccMaZUjQ.ltrans6.ltrans.o
                0x0000000008000e90                write.lto_priv.58
 *fill*         0x0000000008000eb4        0xc 
 .text.read.lto_priv.59
                0x0000000008000ec0       0x24 /tmp/ccMaZUjQ.ltrans6.ltrans.o
                0x0000000008000ec0                read.lto_priv.59
 *fill*         0x0000000008000ee4        0xc 
 .text.put.lto_priv.60
                0x0000000008000ef0       0x2c /tmp/ccMaZUjQ.ltrans6.ltrans.o
                0x0000000008000ef0                put.lto_priv.60
 *fill*         0x0000000008000f1c        0x4 
 .text.get.lto_priv.61
                0x0000000008000f20       0x20 /tmp/ccMaZUjQ.ltrans6.ltrans.o
                0x0000000008000f20                get.lto_priv.61
 .text.putt.lto_priv.62
                0x0000000008000f40       0x2c /tmp/ccMaZUjQ.ltrans6.ltrans.o
                0x0000000008000f40                putt.lto_priv.62
 *fill*         0x0000000008000f6c        0x4 
 .text.gett.lto_priv.63
                0x0000000008000f70       0x20 /tmp/ccMaZUjQ.ltrans6.ltrans.o
                0x0000000008000f70                gett.lto_priv.63
 .text.writet.lto_priv.64
                0x0000000008000f90       0x24 /tmp/ccMaZUjQ.ltrans6.ltrans.o
                0x0000000008000f90                writet.lto_priv.64
 *fill*         0x0000000008000fb4        0xc 
 .text.readt.lto_priv.65
                0x0000000008000fc0       0x24 /tmp/ccMaZUjQ.ltrans6.ltrans.o
                0x0000000008000fc0                readt.lto_priv.65
 *fill*         0x0000000008000fe4        0xc 
 .text.sdInit   0x0000000008000ff0        0x8 /tmp/ccMaZUjQ.ltrans6.ltrans.o
                0x0000000008000ff0                sdInit
 *fill*         0x0000000008000ff8        0x8 
 .text.sdObjectInit
                0x0000000008001000       0x5c /tmp/ccMaZUjQ.ltrans6.ltrans.o
                0x0000000008001000                sdObjectInit
 *fill*         0x000000000800105c        0x4 
 .text.sdIncomingDataI
                0x0000000008001060       0x50 /tmp/ccMaZUjQ.ltrans6.ltrans.o
                0x0000000008001060                sdIncomingDataI
 .text.nvicEnableVector
                0x00000000080010b0       0x7c /tmp/ccMaZUjQ.ltrans6.ltrans.o
                0x00000000080010b0                nvicEnableVector
 *fill*         0x000000000800112c        0x4 
 .text.nvicSetSystemHandlerPriority
                0x0000000008001130       0x60 /tmp/ccMaZUjQ.ltrans6.ltrans.o
 .text.hal_lld_backup_domain_init
                0x0000000008001190       0x60 /tmp/ccMaZUjQ.ltrans6.ltrans.o
 .text.hal_lld_init
                0x00000000080011f0       0x54 /tmp/ccMaZUjQ.ltrans6.ltrans.o
                0x00000000080011f0                hal_lld_init
 *fill*         0x0000000008001244        0xc 
 .text.stm32_clock_init
                0x0000000008001250       0xf0 /tmp/ccMaZUjQ.ltrans6.ltrans.o
                0x0000000008001250                stm32_clock_init
 .text.port_lock.lto_priv.144
                0x0000000008001340        0x4 /tmp/ccMaZUjQ.ltrans6.ltrans.o
 *fill*         0x0000000008001344        0xc 
 .text.port_unlock.lto_priv.141
                0x0000000008001350        0x4 /tmp/ccMaZUjQ.ltrans6.ltrans.o
 *fill*         0x0000000008001354        0xc 
 .text.port_lock_from_isr
                0x0000000008001360        0x8 /tmp/ccMaZUjQ.ltrans6.ltrans.o
 *fill*         0x0000000008001368        0x8 
 .text.port_unlock_from_isr
                0x0000000008001370        0x8 /tmp/ccMaZUjQ.ltrans6.ltrans.o
 *fill*         0x0000000008001378        0x8 
 .text.chSysLockFromISR
                0x0000000008001380        0x8 /tmp/ccMaZUjQ.ltrans6.ltrans.o
 *fill*         0x0000000008001388        0x8 
 .text.chSysUnlockFromISR
                0x0000000008001390        0x8 /tmp/ccMaZUjQ.ltrans6.ltrans.o
 *fill*         0x0000000008001398        0x8 
 .text.osalSysLockFromISR
                0x00000000080013a0        0x8 /tmp/ccMaZUjQ.ltrans6.ltrans.o
 *fill*         0x00000000080013a8        0x8 
 .text.osalSysUnlockFromISR
                0x00000000080013b0        0x8 /tmp/ccMaZUjQ.ltrans6.ltrans.o
 *fill*         0x00000000080013b8        0x8 
 .text.osalOsTimerHandlerI
                0x00000000080013c0        0x8 /tmp/ccMaZUjQ.ltrans6.ltrans.o
 *fill*         0x00000000080013c8        0x8 
 .text.SysTick_Handler
                0x00000000080013d0       0x20 /tmp/ccMaZUjQ.ltrans6.ltrans.o
                0x00000000080013d0                SysTick_Handler
 .text.st_lld_init
                0x00000000080013f0       0x28 /tmp/ccMaZUjQ.ltrans6.ltrans.o
                0x00000000080013f0                st_lld_init
 *fill*         0x0000000008001418        0x8 
 .text.initgpio
                0x0000000008001420       0x44 /tmp/ccMaZUjQ.ltrans6.ltrans.o
 *fill*         0x0000000008001464        0xc 
 .text._pal_lld_init
                0x0000000008001470       0x60 /tmp/ccMaZUjQ.ltrans6.ltrans.o
                0x0000000008001470                _pal_lld_init
 .text.Vector7C
                0x00000000080014d0       0x20 /tmp/ccMaZUjQ.ltrans6.ltrans.o
                0x00000000080014d0                Vector7C
 .text.Vector80
                0x00000000080014f0       0x20 /tmp/ccMaZUjQ.ltrans6.ltrans.o
                0x00000000080014f0                Vector80
 .text.port_lock.lto_priv.184
                0x0000000008001510        0x4 /tmp/ccMaZUjQ.ltrans7.ltrans.o
 *fill*         0x0000000008001514        0xc 
 .text.port_unlock.lto_priv.178
                0x0000000008001520        0x4 /tmp/ccMaZUjQ.ltrans7.ltrans.o
 *fill*         0x0000000008001524        0xc 
 .text.queue_init.lto_priv.175
                0x0000000008001530       0x14 /tmp/ccMaZUjQ.ltrans7.ltrans.o
 *fill*         0x0000000008001544        0xc 
 .text.chSysLock.lto_priv.171
                0x0000000008001550        0x8 /tmp/ccMaZUjQ.ltrans7.ltrans.o
 *fill*         0x0000000008001558        0x8 
 .text.chSysUnlock.lto_priv.165
                0x0000000008001560        0x8 /tmp/ccMaZUjQ.ltrans7.ltrans.o
 *fill*         0x0000000008001568        0x8 
 .text.chThdQueueObjectInit.lto_priv.161
                0x0000000008001570       0x14 /tmp/ccMaZUjQ.ltrans7.ltrans.o
 *fill*         0x0000000008001584        0xc 
 .text.chIQIsEmptyI
                0x0000000008001590       0x14 /tmp/ccMaZUjQ.ltrans7.ltrans.o
 *fill*         0x00000000080015a4        0xc 
 .text.chIQIsFullI
                0x00000000080015b0       0x2c /tmp/ccMaZUjQ.ltrans7.ltrans.o
 *fill*         0x00000000080015dc        0x4 
 .text.chOQIsEmptyI
                0x00000000080015e0       0x2c /tmp/ccMaZUjQ.ltrans7.ltrans.o
 *fill*         0x000000000800160c        0x4 
 .text.chOQIsFullI
                0x0000000008001610       0x14 /tmp/ccMaZUjQ.ltrans7.ltrans.o
 *fill*         0x0000000008001624        0xc 
 .text.chIQObjectInit
                0x0000000008001630       0x48 /tmp/ccMaZUjQ.ltrans7.ltrans.o
                0x0000000008001630                chIQObjectInit
 *fill*         0x0000000008001678        0x8 
 .text.chIQPutI
                0x0000000008001680       0x64 /tmp/ccMaZUjQ.ltrans7.ltrans.o
                0x0000000008001680                chIQPutI
 *fill*         0x00000000080016e4        0xc 
 .text.chIQGetTimeout
                0x00000000080016f0       0x8c /tmp/ccMaZUjQ.ltrans7.ltrans.o
                0x00000000080016f0                chIQGetTimeout
 *fill*         0x000000000800177c        0x4 
 .text.chIQReadTimeout
                0x0000000008001780       0xa8 /tmp/ccMaZUjQ.ltrans7.ltrans.o
                0x0000000008001780                chIQReadTimeout
 *fill*         0x0000000008001828        0x8 
 .text.chOQObjectInit
                0x0000000008001830       0x48 /tmp/ccMaZUjQ.ltrans7.ltrans.o
                0x0000000008001830                chOQObjectInit
 *fill*         0x0000000008001878        0x8 
 .text.chOQPutTimeout
                0x0000000008001880       0x90 /tmp/ccMaZUjQ.ltrans7.ltrans.o
                0x0000000008001880                chOQPutTimeout
 .text.chOQGetI
                0x0000000008001910       0x60 /tmp/ccMaZUjQ.ltrans7.ltrans.o
                0x0000000008001910                chOQGetI
 .text.chOQWriteTimeout
                0x0000000008001970       0xa8 /tmp/ccMaZUjQ.ltrans7.ltrans.o
                0x0000000008001970                chOQWriteTimeout
 *fill*         0x0000000008001a18        0x8 
 .text.port_lock.lto_priv.185
                0x0000000008001a20        0x4 /tmp/ccMaZUjQ.ltrans7.ltrans.o
 *fill*         0x0000000008001a24        0xc 
 .text.port_unlock.lto_priv.179
                0x0000000008001a30        0x4 /tmp/ccMaZUjQ.ltrans7.ltrans.o
 *fill*         0x0000000008001a34        0xc 
 .text.chSysLock.lto_priv.172
                0x0000000008001a40        0x8 /tmp/ccMaZUjQ.ltrans7.ltrans.o
 *fill*         0x0000000008001a48        0x8 
 .text.chSysUnlock.lto_priv.166
                0x0000000008001a50        0x8 /tmp/ccMaZUjQ.ltrans7.ltrans.o
 *fill*         0x0000000008001a58        0x8 
 .text._core_init
                0x0000000008001a60       0x2c /tmp/ccMaZUjQ.ltrans7.ltrans.o
                0x0000000008001a60                _core_init
 *fill*         0x0000000008001a8c        0x4 
 .text.chCoreAlloc
                0x0000000008001a90       0x24 /tmp/ccMaZUjQ.ltrans7.ltrans.o
 *fill*         0x0000000008001ab4        0xc 
 .text.chCoreAllocI
                0x0000000008001ac0       0x48 /tmp/ccMaZUjQ.ltrans7.ltrans.o
 *fill*         0x0000000008001b08        0x8 
 .text._heap_init
                0x0000000008001b10       0x2c /tmp/ccMaZUjQ.ltrans7.ltrans.o
                0x0000000008001b10                _heap_init
 *fill*         0x0000000008001b3c        0x4 
 .text.port_lock.lto_priv.187
                0x0000000008001b40        0x4 /tmp/ccMaZUjQ.ltrans7.ltrans.o
 *fill*         0x0000000008001b44        0xc 
 .text.port_unlock.lto_priv.181
                0x0000000008001b50        0x4 /tmp/ccMaZUjQ.ltrans7.ltrans.o
 *fill*         0x0000000008001b54        0xc 
 .text.port_lock_from_isr
                0x0000000008001b60        0x8 /tmp/ccMaZUjQ.ltrans7.ltrans.o
 *fill*         0x0000000008001b68        0x8 
 .text.port_unlock_from_isr
                0x0000000008001b70        0x8 /tmp/ccMaZUjQ.ltrans7.ltrans.o
 *fill*         0x0000000008001b78        0x8 
 .text.NMI_Handler
                0x0000000008001b80       0x28 /tmp/ccMaZUjQ.ltrans7.ltrans.o
                0x0000000008001b80                NMI_Handler
 *fill*         0x0000000008001ba8        0x8 
 .text._port_irq_epilogue
                0x0000000008001bb0       0x54 /tmp/ccMaZUjQ.ltrans7.ltrans.o
                0x0000000008001bb0                _port_irq_epilogue
 *fill*         0x0000000008001c04        0xc 
 .text.osalInit
                0x0000000008001c10        0x4 /tmp/ccMaZUjQ.ltrans7.ltrans.o
 *fill*         0x0000000008001c14        0xc 
 .text.halInit  0x0000000008001c20       0x28 /tmp/ccMaZUjQ.ltrans7.ltrans.o
                0x0000000008001c20                halInit
 *fill*         0x0000000008001c48        0x8 
 .text.stInit   0x0000000008001c50        0x8 /tmp/ccMaZUjQ.ltrans7.ltrans.o
 *fill*         0x0000000008001c58        0x8 
 .text.chThdEnqueueTimeoutS
                0x0000000008001c60       0x38 /tmp/ccMaZUjQ.ltrans8.ltrans.o
                0x0000000008001c60                chThdEnqueueTimeoutS
 *fill*         0x0000000008001c98        0x8 
 .text.chThdDequeueNextI
                0x0000000008001ca0       0x24 /tmp/ccMaZUjQ.ltrans8.ltrans.o
                0x0000000008001ca0                chThdDequeueNextI
 *fill*         0x0000000008001cc4        0xc 
 .text.queue_init.lto_priv.235
                0x0000000008001cd0       0x14 /tmp/ccMaZUjQ.ltrans8.ltrans.o
 *fill*         0x0000000008001ce4        0xc 
 .text.chMtxObjectInit
                0x0000000008001cf0       0x18 /tmp/ccMaZUjQ.ltrans8.ltrans.o
                0x0000000008001cf0                chMtxObjectInit
 *fill*         0x0000000008001d08        0x8 
 .text.chEvtBroadcastFlagsI
                0x0000000008001d10       0x50 /tmp/ccMaZUjQ.ltrans8.ltrans.o
                0x0000000008001d10                chEvtBroadcastFlagsI
 .text.chEvtSignalI
                0x0000000008001d60       0x54 /tmp/ccMaZUjQ.ltrans8.ltrans.o
 *fill*         0x0000000008001db4        0xc 
 .text.__core_init
                0x0000000008001dc0        0x4 /tmp/ccMaZUjQ.ltrans9.ltrans.o
                0x0000000008001dc0                __core_init
 *fill*         0x0000000008001dc4        0xc 
 .text.__late_init
                0x0000000008001dd0        0x4 /tmp/ccMaZUjQ.ltrans9.ltrans.o
                0x0000000008001dd0                __late_init
 *fill*         0x0000000008001dd4        0xc 
 .text.__default_exit
                0x0000000008001de0        0x4 /tmp/ccMaZUjQ.ltrans9.ltrans.o
                0x0000000008001de0                __default_exit
 *fill*         0x0000000008001de4        0xc 
 .text.__init_ram_areas
                0x0000000008001df0       0x64 /tmp/ccMaZUjQ.ltrans9.ltrans.o
                0x0000000008001df0                __init_ram_areas
 *fill*         0x0000000008001e54        0xc 
 .text._unhandled_exception
                0x0000000008001e60        0x4 /tmp/ccMaZUjQ.ltrans9.ltrans.o
                0x0000000008001e60                Vector58
                0x0000000008001e60                Vector9C
                0x0000000008001e60                VectorAC
                0x0000000008001e60                DebugMon_Handler
                0x0000000008001e60                Vector5C
                0x0000000008001e60                HardFault_Handler
                0x0000000008001e60                Vector8C
                0x0000000008001e60                PendSV_Handler
                0x0000000008001e60                Vector94
                0x0000000008001e60                VectorA8
                0x0000000008001e60                VectorB4
                0x0000000008001e60                Vector74
                0x0000000008001e60                UsageFault_Handler
                0x0000000008001e60                Vector40
                0x0000000008001e60                VectorBC
                0x0000000008001e60                Vector64
                0x0000000008001e60                Vector54
                0x0000000008001e60                Vector98
                0x0000000008001e60                Vector24
                0x0000000008001e60                Vector84
                0x0000000008001e60                MemManage_Handler
                0x0000000008001e60                Vector6C
                0x0000000008001e60                VectorA0
                0x0000000008001e60                SVC_Handler
                0x0000000008001e60                Vector90
                0x0000000008001e60                Vector60
                0x0000000008001e60                Vector1C
                0x0000000008001e60                Vector48
                0x0000000008001e60                Vector70
                0x0000000008001e60                Vector4C
                0x0000000008001e60                Vector68
                0x0000000008001e60                Vector78
                0x0000000008001e60                _unhandled_exception
                0x0000000008001e60                Vector88
                0x0000000008001e60                BusFault_Handler
                0x0000000008001e60                Vector50
                0x0000000008001e60                Vector44
                0x0000000008001e60                Vector28
                0x0000000008001e60                VectorB8
                0x0000000008001e60                Vector34
                0x0000000008001e60                VectorA4
                0x0000000008001e60                Vector20
 *fill*         0x0000000008001e64        0xc 
 .text.NVIC_SetPriority
                0x0000000008001e70       0xec /tmp/ccMaZUjQ.ltrans9.ltrans.o
 *fill*         0x0000000008001f5c        0x4 
 .text.port_init
                0x0000000008001f60       0x10 /tmp/ccMaZUjQ.ltrans9.ltrans.o
 .text.port_lock.lto_priv.247
                0x0000000008001f70        0x4 /tmp/ccMaZUjQ.ltrans9.ltrans.o
 *fill*         0x0000000008001f74        0xc 
 .text.port_unlock.lto_priv.244
                0x0000000008001f80        0x4 /tmp/ccMaZUjQ.ltrans9.ltrans.o
 *fill*         0x0000000008001f84        0xc 
 .text.port_lock_from_isr.lto_priv.256
                0x0000000008001f90        0x8 /tmp/ccMaZUjQ.ltrans9.ltrans.o
 *fill*         0x0000000008001f98        0x8 
 .text.port_unlock_from_isr.lto_priv.254
                0x0000000008001fa0        0x8 /tmp/ccMaZUjQ.ltrans9.ltrans.o
 *fill*         0x0000000008001fa8        0x8 
 .text.port_enable
                0x0000000008001fb0        0x4 /tmp/ccMaZUjQ.ltrans9.ltrans.o
 *fill*         0x0000000008001fb4        0xc 
 .text.port_wait_for_interrupt
                0x0000000008001fc0        0x4 /tmp/ccMaZUjQ.ltrans9.ltrans.o
 *fill*         0x0000000008001fc4        0xc 
 .text.chSysEnable
                0x0000000008001fd0        0x8 /tmp/ccMaZUjQ.ltrans9.ltrans.o
 *fill*         0x0000000008001fd8        0x8 
 .text.chSysLockFromISR.lto_priv.252
                0x0000000008001fe0        0x8 /tmp/ccMaZUjQ.ltrans9.ltrans.o
 *fill*         0x0000000008001fe8        0x8 
 .text.chSysUnlockFromISR.lto_priv.250
                0x0000000008001ff0        0x8 /tmp/ccMaZUjQ.ltrans9.ltrans.o
 *fill*         0x0000000008001ff8        0x8 
 .text.chVTDoTickI
                0x0000000008002000       0x70 /tmp/ccMaZUjQ.ltrans9.ltrans.o
 .text.chRegSetThreadName
                0x0000000008002070       0x14 /tmp/ccMaZUjQ.ltrans9.ltrans.o
 *fill*         0x0000000008002084        0xc 
 .text.chRegSetThreadNameX
                0x0000000008002090       0x10 /tmp/ccMaZUjQ.ltrans9.ltrans.o
 .text._idle_thread
                0x00000000080020a0        0xc /tmp/ccMaZUjQ.ltrans9.ltrans.o
 *fill*         0x00000000080020ac        0x4 
 .text.chSysInit
                0x00000000080020b0       0x7c /tmp/ccMaZUjQ.ltrans9.ltrans.o
                0x00000000080020b0                chSysInit
 *fill*         0x000000000800212c        0x4 
 .text.chSysTimerHandlerI
                0x0000000008002130        0x8 /tmp/ccMaZUjQ.ltrans9.ltrans.o
                0x0000000008002130                chSysTimerHandlerI
 *fill*         0x0000000008002138        0x8 
 .text._vt_init
                0x0000000008002140       0x24 /tmp/ccMaZUjQ.ltrans9.ltrans.o
 *fill*         0x0000000008002164        0xc 
 .text.chVTDoSetI
                0x0000000008002170       0x7c /tmp/ccMaZUjQ.ltrans9.ltrans.o
                0x0000000008002170                chVTDoSetI
 *fill*         0x00000000080021ec        0x4 
 .text.chVTDoResetI
                0x00000000080021f0       0x40 /tmp/ccMaZUjQ.ltrans9.ltrans.o
                0x00000000080021f0                chVTDoResetI
 .text.port_lock.lto_priv.248
                0x0000000008002230        0x4 /tmp/ccMaZUjQ.ltrans9.ltrans.o
 *fill*         0x0000000008002234        0xc 
 .text.port_unlock.lto_priv.245
                0x0000000008002240        0x4 /tmp/ccMaZUjQ.ltrans9.ltrans.o
 *fill*         0x0000000008002244        0xc 
 .text.port_lock_from_isr.lto_priv.257
                0x0000000008002250        0x8 /tmp/ccMaZUjQ.ltrans9.ltrans.o
 *fill*         0x0000000008002258        0x8 
 .text.port_unlock_from_isr.lto_priv.255
                0x0000000008002260        0x8 /tmp/ccMaZUjQ.ltrans9.ltrans.o
 *fill*         0x0000000008002268        0x8 
 .text.queue_init.lto_priv.242
                0x0000000008002270       0x14 /tmp/ccMaZUjQ.ltrans9.ltrans.o
 *fill*         0x0000000008002284        0xc 
 .text.queue_fifo_remove.lto_priv.240
                0x0000000008002290       0x24 /tmp/ccMaZUjQ.ltrans9.ltrans.o
 *fill*         0x00000000080022b4        0xc 
 .text.queue_dequeue
                0x00000000080022c0       0x20 /tmp/ccMaZUjQ.ltrans9.ltrans.o
 .text.chSysLockFromISR.lto_priv.253
                0x00000000080022e0        0x8 /tmp/ccMaZUjQ.ltrans9.ltrans.o
 *fill*         0x00000000080022e8        0x8 
 .text.chSysUnlockFromISR.lto_priv.251
                0x00000000080022f0        0x8 /tmp/ccMaZUjQ.ltrans9.ltrans.o
 *fill*         0x00000000080022f8        0x8 
 .text.chVTIsArmedI
                0x0000000008002300       0x14 /tmp/ccMaZUjQ.ltrans9.ltrans.o
 *fill*         0x0000000008002314        0xc 
 .text.chSemFastSignalI
                0x0000000008002320       0x14 /tmp/ccMaZUjQ.ltrans9.ltrans.o
 *fill*         0x0000000008002334        0xc 
 .text._scheduler_init
                0x0000000008002340       0x24 /tmp/ccMaZUjQ.ltrans9.ltrans.o
 *fill*         0x0000000008002364        0xc 
 .text.chSchReadyI
                0x0000000008002370       0x48 /tmp/ccMaZUjQ.ltrans9.ltrans.o
                0x0000000008002370                chSchReadyI
 *fill*         0x00000000080023b8        0x8 
 .text.chSchGoSleepS
                0x00000000080023c0       0x48 /tmp/ccMaZUjQ.ltrans9.ltrans.o
                0x00000000080023c0                chSchGoSleepS
 *fill*         0x0000000008002408        0x8 
 .text.wakeup   0x0000000008002410       0x60 /tmp/ccMaZUjQ.ltrans9.ltrans.o
 .text.chSchGoSleepTimeoutS
                0x0000000008002470       0x64 /tmp/ccMaZUjQ.ltrans9.ltrans.o
                0x0000000008002470                chSchGoSleepTimeoutS
 *fill*         0x00000000080024d4        0xc 
 .text.chSchWakeupS
                0x00000000080024e0       0x54 /tmp/ccMaZUjQ.ltrans9.ltrans.o
                0x00000000080024e0                chSchWakeupS
 *fill*         0x0000000008002534        0xc 
 .text.chSchIsPreemptionRequired
                0x0000000008002540       0x28 /tmp/ccMaZUjQ.ltrans9.ltrans.o
                0x0000000008002540                chSchIsPreemptionRequired
 *fill*         0x0000000008002568        0x8 
 .text.chSchDoRescheduleAhead
                0x0000000008002570       0x70 /tmp/ccMaZUjQ.ltrans9.ltrans.o
 .text.chSchDoReschedule
                0x00000000080025e0        0x8 /tmp/ccMaZUjQ.ltrans9.ltrans.o
                0x00000000080025e0                chSchDoReschedule
 *fill*         0x00000000080025e8        0x8 
 .text.port_lock.lto_priv.249
                0x00000000080025f0        0x4 /tmp/ccMaZUjQ.ltrans9.ltrans.o
 *fill*         0x00000000080025f4        0xc 
 .text.port_unlock.lto_priv.246
                0x0000000008002600        0x4 /tmp/ccMaZUjQ.ltrans9.ltrans.o
 *fill*         0x0000000008002604        0xc 
 .text.list_init
                0x0000000008002610       0x10 /tmp/ccMaZUjQ.ltrans9.ltrans.o
 .text.list_notempty
                0x0000000008002620       0x18 /tmp/ccMaZUjQ.ltrans9.ltrans.o
 *fill*         0x0000000008002638        0x8 
 .text.queue_init.lto_priv.243
                0x0000000008002640       0x14 /tmp/ccMaZUjQ.ltrans9.ltrans.o
 *fill*         0x0000000008002654        0xc 
 .text.queue_notempty.lto_priv.231
                0x0000000008002660       0x18 /tmp/ccMaZUjQ.ltrans9.ltrans.o
                0x0000000008002660                queue_notempty.lto_priv.231
 *fill*         0x0000000008002678        0x8 
 .text.list_remove
                0x0000000008002680       0x1c /tmp/ccMaZUjQ.ltrans9.ltrans.o
 *fill*         0x000000000800269c        0x4 
 .text.queue_insert.lto_priv.237
                0x00000000080026a0       0x28 /tmp/ccMaZUjQ.ltrans9.ltrans.o
                0x00000000080026a0                queue_insert.lto_priv.237
 *fill*         0x00000000080026c8        0x8 
 .text.queue_fifo_remove.lto_priv.241
                0x00000000080026d0       0x24 /tmp/ccMaZUjQ.ltrans9.ltrans.o
 *fill*         0x00000000080026f4        0xc 
 .text.chSysLock.lto_priv.217
                0x0000000008002700        0x8 /tmp/ccMaZUjQ.ltrans9.ltrans.o
                0x0000000008002700                chSysLock.lto_priv.217
 *fill*         0x0000000008002708        0x8 
 .text.chSysUnlock.lto_priv.210
                0x0000000008002710        0x8 /tmp/ccMaZUjQ.ltrans9.ltrans.o
                0x0000000008002710                chSysUnlock.lto_priv.210
 *fill*         0x0000000008002718        0x8 
 .text.chThdSleepS
                0x0000000008002720       0x14 /tmp/ccMaZUjQ.ltrans9.ltrans.o
 *fill*         0x0000000008002734        0xc 
 .text.chThdDoDequeueNextI.lto_priv.239
                0x0000000008002740       0x28 /tmp/ccMaZUjQ.ltrans9.ltrans.o
                0x0000000008002740                chThdDoDequeueNextI.lto_priv.239
 *fill*         0x0000000008002768        0x8 
 .text._thread_init
                0x0000000008002770       0x74 /tmp/ccMaZUjQ.ltrans9.ltrans.o
 *fill*         0x00000000080027e4        0xc 
 .text.chThdCreateI
                0x00000000080027f0       0x4c /tmp/ccMaZUjQ.ltrans9.ltrans.o
                0x00000000080027f0                chThdCreateI
 *fill*         0x000000000800283c        0x4 
 .text.chThdCreateStatic
                0x0000000008002840       0x3c /tmp/ccMaZUjQ.ltrans9.ltrans.o
                0x0000000008002840                chThdCreateStatic
 *fill*         0x000000000800287c        0x4 
 .text.chThdSleep
                0x0000000008002880       0x1c /tmp/ccMaZUjQ.ltrans9.ltrans.o
                0x0000000008002880                chThdSleep
 *fill*         0x000000000800289c        0x4 
 .text.chThdExit
                0x00000000080028a0       0x18 /tmp/ccMaZUjQ.ltrans9.ltrans.o
                0x00000000080028a0                chThdExit
 *fill*         0x00000000080028b8        0x8 
 .text.chThdExitS
                0x00000000080028c0       0x64 /tmp/ccMaZUjQ.ltrans9.ltrans.o
 *(.rodata)
 *fill*         0x0000000008002924        0xc 
 .rodata        0x0000000008002930      0x5f8 /tmp/ccMaZUjQ.ltrans0.ltrans.o
 *fill*         0x0000000008002f28        0x8 
 .rodata        0x0000000008002f30        0x5 /tmp/ccMaZUjQ.ltrans9.ltrans.o
 *(.rodata.*)
 *fill*         0x0000000008002f35        0xb 
 .rodata.ram_areas.lto_priv.258
                0x0000000008002f40       0x80 /tmp/ccMaZUjQ.ltrans0.ltrans.o
                0x0000000008002f40                ram_areas.lto_priv.258
 .rodata.ch_debug
                0x0000000008002fc0       0x16 /tmp/ccMaZUjQ.ltrans0.ltrans.o
                0x0000000008002fc0                ch_debug
 *fill*         0x0000000008002fd6        0xa 
 .rodata.vmt.lto_priv.145
                0x0000000008002fe0       0x20 /tmp/ccMaZUjQ.ltrans0.ltrans.o
                0x0000000008002fe0                vmt.lto_priv.145
 .rodata.pal_default_config
                0x0000000008003000       0x70 /tmp/ccMaZUjQ.ltrans0.ltrans.o
                0x0000000008003000                pal_default_config
 .rodata.wakeup
                0x0000000008003070       0x20 /tmp/ccMaZUjQ.ltrans9.ltrans.o
 *(.glue_7t)
 .glue_7t       0x0000000008003090        0x0 linker stubs
 *(.glue_7)
 .glue_7        0x0000000008003090        0x0 linker stubs
 *(.gcc*)

.vfp11_veneer   0x0000000008003090        0x0
 .vfp11_veneer  0x0000000008003090        0x0 linker stubs

.v4_bx          0x0000000008003090        0x0
 .v4_bx         0x0000000008003090        0x0 linker stubs

.iplt           0x0000000008003090        0x0
 .iplt          0x0000000008003090        0x0 build/obj/crt0_v6m.o

.rel.dyn        0x0000000008003090        0x0
 .rel.iplt      0x0000000008003090        0x0 build/obj/crt0_v6m.o

.ARM.extab
 *(.ARM.extab* .gnu.linkonce.armextab.*)

.ARM.exidx      0x0000000008003090        0x0
                0x0000000008003090                __exidx_start = .
 *(.ARM.exidx* .gnu.linkonce.armexidx.*)
                0x0000000008003090                __exidx_end = .

.eh_frame_hdr
 *(.eh_frame_hdr)

.eh_frame
 *(.eh_frame)

.textalign      0x0000000008003090        0x0
                0x0000000008003090                . = ALIGN (0x8)
                0x0000000008003090                . = ALIGN (0x4)
                [!provide]                        PROVIDE (_etext, .)

.mstack         0x0000000020000000      0x400
                0x0000000020000000                . = ALIGN (0x8)
                0x0000000020000000                __main_stack_base__ = .
                0x0000000020000400                . = (. + __main_stack_size__)
 *fill*         0x0000000020000000      0x400 
                0x0000000020000400                . = ALIGN (0x8)
                0x0000000020000400                __main_stack_end__ = .

.pstack         0x0000000020000400      0x200
                0x0000000020000400                __process_stack_base__ = .
                0x0000000020000400                __main_thread_stack_base__ = .
                0x0000000020000600                . = (. + __process_stack_size__)
 *fill*         0x0000000020000400      0x200 
                0x0000000020000600                . = ALIGN (0x8)
                0x0000000020000600                __process_stack_end__ = .
                0x0000000020000600                __main_thread_stack_end__ = .

.data           0x0000000020000600       0x68 load address 0x0000000008003090
                0x0000000020000600                . = ALIGN (0x4)
                0x0000000008003090                PROVIDE (_textdata, LOADADDR (.data))
                0x0000000020000600                PROVIDE (_data, .)
                0x0000000008003090                _textdata_start = LOADADDR (.data)
                0x0000000020000600                _data_start = .
 *(.data)
 *(.data.*)
 .data.pwm2cfg  0x0000000020000600       0x34 /tmp/ccMaZUjQ.ltrans0.ltrans.o
 .data.pwm3cfg  0x0000000020000634       0x34 /tmp/ccMaZUjQ.ltrans0.ltrans.o
 *(.ramtext)
                0x0000000020000668                . = ALIGN (0x4)
                0x0000000020000668                PROVIDE (_edata, .)
                0x0000000020000668                _data_end = .

.igot.plt       0x0000000020000668        0x0 load address 0x00000000080030f8
 .igot.plt      0x0000000020000668        0x0 build/obj/crt0_v6m.o

.bss            0x0000000020000668      0x3f8 load address 0x00000000080030f8
                0x0000000020000668                . = ALIGN (0x4)
                0x0000000020000668                _bss_start = .
 *(.bss)
 *(.bss.*)
 .bss.ch        0x0000000020000668      0x150 /tmp/ccMaZUjQ.ltrans0.ltrans.o
                0x0000000020000668                ch
 .bss.nextmem.lto_priv.191
                0x00000000200007b8        0x4 /tmp/ccMaZUjQ.ltrans0.ltrans.o
                0x00000000200007b8                nextmem.lto_priv.191
 .bss.endmem.lto_priv.190
                0x00000000200007bc        0x4 /tmp/ccMaZUjQ.ltrans0.ltrans.o
                0x00000000200007bc                endmem.lto_priv.190
 .bss.default_heap.lto_priv.189
                0x00000000200007c0       0x20 /tmp/ccMaZUjQ.ltrans0.ltrans.o
                0x00000000200007c0                default_heap.lto_priv.189
 .bss.PWMD2     0x00000000200007e0       0x1c /tmp/ccMaZUjQ.ltrans0.ltrans.o
                0x00000000200007e0                PWMD2
 .bss.PWMD3     0x00000000200007fc       0x1c /tmp/ccMaZUjQ.ltrans0.ltrans.o
                0x00000000200007fc                PWMD3
 .bss.SD2       0x0000000020000818       0x7c /tmp/ccMaZUjQ.ltrans0.ltrans.o
                0x0000000020000818                SD2
 *fill*         0x0000000020000894        0x4 
 .bss.wa_LED    0x0000000020000898      0x1c8 /tmp/ccMaZUjQ.ltrans0.ltrans.o
 *(COMMON)
                0x0000000020000a60                . = ALIGN (0x4)
                0x0000000020000a60                _bss_end = .
                [!provide]                        PROVIDE (end, .)

.ram0_init      0x0000000020000a60        0x0 load address 0x00000000080030f8
                0x0000000020000a60                . = ALIGN (0x4)
                0x00000000080030f8                __ram0_init_text__ = LOADADDR (.ram0_init)
                0x0000000020000a60                __ram0_init__ = .
 *(.ram0_init)
 *(.ram0_init.*)
                0x0000000020000a60                . = ALIGN (0x4)

.ram0           0x0000000020000a60        0x0 load address 0x00000000080030f8
                0x0000000020000a60                . = ALIGN (0x4)
                0x0000000020000a60                __ram0_clear__ = .
 *(.ram0_clear)
 *(.ram0_clear.*)
                0x0000000020000a60                . = ALIGN (0x4)
                0x0000000020000a60                __ram0_noinit__ = .
 *(.ram0)
 *(.ram0.*)
                0x0000000020000a60                . = ALIGN (0x4)
                0x0000000020000a60                __ram0_free__ = .

.ram1_init      0x0000000000000000        0x0 load address 0x00000000080030f8
                0x0000000000000000                . = ALIGN (0x4)
                0x00000000080030f8                __ram1_init_text__ = LOADADDR (.ram1_init)
                0x0000000000000000                __ram1_init__ = .
 *(.ram1_init)
 *(.ram1_init.*)
                0x0000000000000000                . = ALIGN (0x4)

.ram1           0x0000000000000000        0x0 load address 0x00000000080030f8
                0x0000000000000000                . = ALIGN (0x4)
                0x0000000000000000                __ram1_clear__ = .
 *(.ram1_clear)
 *(.ram1_clear.*)
                0x0000000000000000                . = ALIGN (0x4)
                0x0000000000000000                __ram1_noinit__ = .
 *(.ram1)
 *(.ram1.*)
                0x0000000000000000                . = ALIGN (0x4)
                0x0000000000000000                __ram1_free__ = .

.ram2_init      0x0000000000000000        0x0 load address 0x00000000080030f8
                0x0000000000000000                . = ALIGN (0x4)
                0x00000000080030f8                __ram2_init_text__ = LOADADDR (.ram2_init)
                0x0000000000000000                __ram2_init__ = .
 *(.ram2_init)
 *(.ram2_init.*)
                0x0000000000000000                . = ALIGN (0x4)

.ram2           0x0000000000000000        0x0 load address 0x00000000080030f8
                0x0000000000000000                . = ALIGN (0x4)
                0x0000000000000000                __ram2_clear__ = .
 *(.ram2_clear)
 *(.ram2_clear.*)
                0x0000000000000000                . = ALIGN (0x4)
                0x0000000000000000                __ram2_noinit__ = .
 *(.ram2)
 *(.ram2.*)
                0x0000000000000000                . = ALIGN (0x4)
                0x0000000000000000                __ram2_free__ = .

.ram3_init      0x0000000000000000        0x0 load address 0x00000000080030f8
                0x0000000000000000                . = ALIGN (0x4)
                0x00000000080030f8                __ram3_init_text__ = LOADADDR (.ram3_init)
                0x0000000000000000                __ram3_init__ = .
 *(.ram3_init)
 *(.ram3_init.*)
                0x0000000000000000                . = ALIGN (0x4)

.ram3           0x0000000000000000        0x0 load address 0x00000000080030f8
                0x0000000000000000                . = ALIGN (0x4)
                0x0000000000000000                __ram3_clear__ = .
 *(.ram3_clear)
 *(.ram3_clear.*)
                0x0000000000000000                . = ALIGN (0x4)
                0x0000000000000000                __ram3_noinit__ = .
 *(.ram3)
 *(.ram3.*)
                0x0000000000000000                . = ALIGN (0x4)
                0x0000000000000000                __ram3_free__ = .

.ram4_init      0x0000000000000000        0x0 load address 0x00000000080030f8
                0x0000000000000000                . = ALIGN (0x4)
                0x00000000080030f8                __ram4_init_text__ = LOADADDR (.ram4_init)
                0x0000000000000000                __ram4_init__ = .
 *(.ram4_init)
 *(.ram4_init.*)
                0x0000000000000000                . = ALIGN (0x4)

.ram4           0x0000000000000000        0x0 load address 0x00000000080030f8
                0x0000000000000000                . = ALIGN (0x4)
                0x0000000000000000                __ram4_clear__ = .
 *(.ram4_clear)
 *(.ram4_clear.*)
                0x0000000000000000                . = ALIGN (0x4)
                0x0000000000000000                __ram4_noinit__ = .
 *(.ram4)
 *(.ram4.*)
                0x0000000000000000                . = ALIGN (0x4)
                0x0000000000000000                __ram4_free__ = .

.ram5_init      0x0000000000000000        0x0 load address 0x00000000080030f8
                0x0000000000000000                . = ALIGN (0x4)
                0x00000000080030f8                __ram5_init_text__ = LOADADDR (.ram5_init)
                0x0000000000000000                __ram5_init__ = .
 *(.ram5_init)
 *(.ram5_init.*)
                0x0000000000000000                . = ALIGN (0x4)

.ram5           0x0000000000000000        0x0 load address 0x00000000080030f8
                0x0000000000000000                . = ALIGN (0x4)
                0x0000000000000000                __ram5_clear__ = .
 *(.ram5_clear)
 *(.ram5_clear.*)
                0x0000000000000000                . = ALIGN (0x4)
                0x0000000000000000                __ram5_noinit__ = .
 *(.ram5)
 *(.ram5.*)
                0x0000000000000000                . = ALIGN (0x4)
                0x0000000000000000                __ram5_free__ = .

.ram6_init      0x0000000000000000        0x0 load address 0x00000000080030f8
                0x0000000000000000                . = ALIGN (0x4)
                0x00000000080030f8                __ram6_init_text__ = LOADADDR (.ram6_init)
                0x0000000000000000                __ram6_init__ = .
 *(.ram6_init)
 *(.ram6_init.*)
                0x0000000000000000                . = ALIGN (0x4)

.ram6           0x0000000000000000        0x0 load address 0x00000000080030f8
                0x0000000000000000                . = ALIGN (0x4)
                0x0000000000000000                __ram6_clear__ = .
 *(.ram6_clear)
 *(.ram6_clear.*)
                0x0000000000000000                . = ALIGN (0x4)
                0x0000000000000000                __ram6_noinit__ = .
 *(.ram6)
 *(.ram6.*)
                0x0000000000000000                . = ALIGN (0x4)
                0x0000000000000000                __ram6_free__ = .

.ram7_init      0x0000000000000000        0x0 load address 0x00000000080030f8
                0x0000000000000000                . = ALIGN (0x4)
                0x00000000080030f8                __ram7_init_text__ = LOADADDR (.ram7_init)
                0x0000000000000000                __ram7_init__ = .
 *(.ram7_init)
 *(.ram7_init.*)
                0x0000000000000000                . = ALIGN (0x4)

.ram7           0x0000000000000000        0x0 load address 0x00000000080030f8
                0x0000000000000000                . = ALIGN (0x4)
                0x0000000000000000                __ram7_clear__ = .
 *(.ram7_clear)
 *(.ram7_clear.*)
                0x0000000000000000                . = ALIGN (0x4)
                0x0000000000000000                __ram7_noinit__ = .
 *(.ram7)
 *(.ram7.*)
                0x0000000000000000                . = ALIGN (0x4)
                0x0000000000000000                __ram7_free__ = .

.heap           0x0000000020000a60      0xda0
                0x0000000020000a60                . = ALIGN (0x8)
                0x0000000020000a60                __heap_base__ = .
                0x0000000020001800                . = (ORIGIN (HEAP_RAM) + LENGTH (HEAP_RAM))
 *fill*         0x0000000020000a60      0xda0 
                0x0000000020001800                __heap_end__ = .
                0x0000000000000200                __process_stack_size__ = 0x200
                0x0000000000000400                __main_stack_size__ = 0x400
START GROUP
LOAD /usr/bin/../lib/gcc/arm-none-eabi/5.4.1/armv6-m/libgcc.a
LOAD /usr/bin/../lib/gcc/arm-none-eabi/5.4.1/../../../../arm-none-eabi/lib/armv6-m/libg.a
LOAD /usr/bin/../lib/gcc/arm-none-eabi/5.4.1/../../../../arm-none-eabi/lib/armv6-m/libc.a
END GROUP
OUTPUT(build/eviltree.elf elf32-littlearm)

.ARM.attributes
                0x0000000000000000       0x2d
 .ARM.attributes
                0x0000000000000000       0x21 build/obj/crt0_v6m.o
 .ARM.attributes
                0x0000000000000021       0x21 build/obj/chcoreasm_v6m.o
 .ARM.attributes
                0x0000000000000042       0x2f /tmp/ccMaZUjQ.ltrans0.ltrans.o
 .ARM.attributes
                0x0000000000000071       0x2f /tmp/ccMaZUjQ.ltrans5.ltrans.o
 .ARM.attributes
                0x00000000000000a0       0x2f /tmp/ccMaZUjQ.ltrans6.ltrans.o
 .ARM.attributes
                0x00000000000000cf       0x2f /tmp/ccMaZUjQ.ltrans7.ltrans.o
 .ARM.attributes
                0x00000000000000fe       0x2f /tmp/ccMaZUjQ.ltrans8.ltrans.o
 .ARM.attributes
                0x000000000000012d       0x2f /tmp/ccMaZUjQ.ltrans9.ltrans.o
 .ARM.attributes
                0x000000000000015c       0x1e /usr/bin/../lib/gcc/arm-none-eabi/5.4.1/armv6-m/libgcc.a(_udivsi3.o)
 .ARM.attributes
                0x000000000000017a       0x1e /usr/bin/../lib/gcc/arm-none-eabi/5.4.1/armv6-m/libgcc.a(_dvmd_tls.o)

.comment        0x0000000000000000       0x6e
 .comment       0x0000000000000000       0x6e /tmp/ccMaZUjQ.ltrans0.ltrans.o
                                         0x6f (size before relaxing)
 .comment       0x000000000000006e       0x6f /tmp/ccMaZUjQ.ltrans5.ltrans.o
 .comment       0x000000000000006e       0x6f /tmp/ccMaZUjQ.ltrans6.ltrans.o
 .comment       0x000000000000006e       0x6f /tmp/ccMaZUjQ.ltrans7.ltrans.o
 .comment       0x000000000000006e       0x6f /tmp/ccMaZUjQ.ltrans8.ltrans.o
 .comment       0x000000000000006e       0x6f /tmp/ccMaZUjQ.ltrans9.ltrans.o

.debug_info     0x0000000000000000     0xad0e
 .debug_info    0x0000000000000000     0x2388 /tmp/ccMaZUjQ.ltrans0.ltrans.o
 .debug_info    0x0000000000002388     0x159a /tmp/ccMaZUjQ.ltrans5.ltrans.o
 .debug_info    0x0000000000003922     0x20f0 /tmp/ccMaZUjQ.ltrans6.ltrans.o
 .debug_info    0x0000000000005a12     0x1e5a /tmp/ccMaZUjQ.ltrans7.ltrans.o
 .debug_info    0x000000000000786c     0x1eb1 /tmp/ccMaZUjQ.ltrans8.ltrans.o
 .debug_info    0x000000000000971d     0x15f1 /tmp/ccMaZUjQ.ltrans9.ltrans.o

.debug_abbrev   0x0000000000000000     0x182f
 .debug_abbrev  0x0000000000000000      0x3f1 /tmp/ccMaZUjQ.ltrans0.ltrans.o
 .debug_abbrev  0x00000000000003f1      0x3d0 /tmp/ccMaZUjQ.ltrans5.ltrans.o
 .debug_abbrev  0x00000000000007c1      0x3bf /tmp/ccMaZUjQ.ltrans6.ltrans.o
 .debug_abbrev  0x0000000000000b80      0x463 /tmp/ccMaZUjQ.ltrans7.ltrans.o
 .debug_abbrev  0x0000000000000fe3      0x3a5 /tmp/ccMaZUjQ.ltrans8.ltrans.o
 .debug_abbrev  0x0000000000001388      0x4a7 /tmp/ccMaZUjQ.ltrans9.ltrans.o

.debug_aranges  0x0000000000000000      0xfd0
 .debug_aranges
                0x0000000000000000      0x190 /tmp/ccMaZUjQ.ltrans0.ltrans.o
 .debug_aranges
                0x0000000000000190      0x1c8 /tmp/ccMaZUjQ.ltrans5.ltrans.o
 .debug_aranges
                0x0000000000000358      0x2c0 /tmp/ccMaZUjQ.ltrans6.ltrans.o
 .debug_aranges
                0x0000000000000618      0x358 /tmp/ccMaZUjQ.ltrans7.ltrans.o
 .debug_aranges
                0x0000000000000970      0x370 /tmp/ccMaZUjQ.ltrans8.ltrans.o
 .debug_aranges
                0x0000000000000ce0      0x2f0 /tmp/ccMaZUjQ.ltrans9.ltrans.o

.debug_ranges   0x0000000000000000      0xf70
 .debug_ranges  0x0000000000000000      0x180 /tmp/ccMaZUjQ.ltrans0.ltrans.o
 .debug_ranges  0x0000000000000180      0x1b8 /tmp/ccMaZUjQ.ltrans5.ltrans.o
 .debug_ranges  0x0000000000000338      0x2b0 /tmp/ccMaZUjQ.ltrans6.ltrans.o
 .debug_ranges  0x00000000000005e8      0x348 /tmp/ccMaZUjQ.ltrans7.ltrans.o
 .debug_ranges  0x0000000000000930      0x360 /tmp/ccMaZUjQ.ltrans8.ltrans.o
 .debug_ranges  0x0000000000000c90      0x2e0 /tmp/ccMaZUjQ.ltrans9.ltrans.o

.debug_line     0x0000000000000000     0x43de
 .debug_line    0x0000000000000000      0xa4d /tmp/ccMaZUjQ.ltrans0.ltrans.o
 .debug_line    0x0000000000000a4d      0x83b /tmp/ccMaZUjQ.ltrans5.ltrans.o
 .debug_line    0x0000000000001288      0xbff /tmp/ccMaZUjQ.ltrans6.ltrans.o
 .debug_line    0x0000000000001e87      0xd44 /tmp/ccMaZUjQ.ltrans7.ltrans.o
 .debug_line    0x0000000000002bcb      0xcfa /tmp/ccMaZUjQ.ltrans8.ltrans.o
 .debug_line    0x00000000000038c5      0xb19 /tmp/ccMaZUjQ.ltrans9.ltrans.o

.debug_str      0x0000000000000000     0x2cb7
 .debug_str     0x0000000000000000     0x12fb /tmp/ccMaZUjQ.ltrans0.ltrans.o
                                       0x13fe (size before relaxing)
 .debug_str     0x00000000000012fb      0x3a8 /tmp/ccMaZUjQ.ltrans5.ltrans.o
                                        0xba1 (size before relaxing)
 .debug_str     0x00000000000016a3      0x58a /tmp/ccMaZUjQ.ltrans6.ltrans.o
                                        0xdf8 (size before relaxing)
 .debug_str     0x0000000000001c2d      0x55c /tmp/ccMaZUjQ.ltrans7.ltrans.o
                                        0xc84 (size before relaxing)
 .debug_str     0x0000000000002189      0x4fb /tmp/ccMaZUjQ.ltrans8.ltrans.o
                                        0xb3b (size before relaxing)
 .debug_str     0x0000000000002684      0x633 /tmp/ccMaZUjQ.ltrans9.ltrans.o
                                        0xc89 (size before relaxing)

.debug_frame    0x0000000000000000     0x2b24
 .debug_frame   0x0000000000000000      0x474 /tmp/ccMaZUjQ.ltrans0.ltrans.o
 .debug_frame   0x0000000000000474      0x4c0 /tmp/ccMaZUjQ.ltrans5.ltrans.o
 .debug_frame   0x0000000000000934      0x7b0 /tmp/ccMaZUjQ.ltrans6.ltrans.o
 .debug_frame   0x00000000000010e4      0x910 /tmp/ccMaZUjQ.ltrans7.ltrans.o
 .debug_frame   0x00000000000019f4      0x964 /tmp/ccMaZUjQ.ltrans8.ltrans.o
 .debug_frame   0x0000000000002358      0x7ac /tmp/ccMaZUjQ.ltrans9.ltrans.o
 .debug_frame   0x0000000000002b04       0x20 /usr/bin/../lib/gcc/arm-none-eabi/5.4.1/armv6-m/libgcc.a(_udivsi3.o)

Cross Reference Table

Symbol                                            File
BusFault_Handler                                  /tmp/ccMaZUjQ.ltrans9.ltrans.o
                                                  build/obj/vectors.o (symbol from plugin)
                                                  /tmp/ccMaZUjQ.ltrans0.ltrans.o
DebugMon_Handler                                  /tmp/ccMaZUjQ.ltrans9.ltrans.o
                                                  build/obj/vectors.o (symbol from plugin)
                                                  /tmp/ccMaZUjQ.ltrans0.ltrans.o
HardFault_Handler                                 /tmp/ccMaZUjQ.ltrans9.ltrans.o
                                                  build/obj/vectors.o (symbol from plugin)
                                                  /tmp/ccMaZUjQ.ltrans0.ltrans.o
MemManage_Handler                                 /tmp/ccMaZUjQ.ltrans9.ltrans.o
                                                  build/obj/vectors.o (symbol from plugin)
                                                  /tmp/ccMaZUjQ.ltrans0.ltrans.o
NMI_Handler                                       /tmp/ccMaZUjQ.ltrans7.ltrans.o
                                                  build/obj/chcore_v6m.o (symbol from plugin)
                                                  build/obj/vectors.o (symbol from plugin)
                                                  /tmp/ccMaZUjQ.ltrans0.ltrans.o
PWMD2                                             /tmp/ccMaZUjQ.ltrans0.ltrans.o
                                                  build/obj/pwm_lld.o (symbol from plugin)
                                                  /tmp/ccMaZUjQ.ltrans6.ltrans.o
                                                  /tmp/ccMaZUjQ.ltrans5.ltrans.o
                                                  build/obj/main.o (symbol from plugin)
PWMD3                                             /tmp/ccMaZUjQ.ltrans0.ltrans.o
                                                  build/obj/pwm_lld.o (symbol from plugin)
                                                  /tmp/ccMaZUjQ.ltrans6.ltrans.o
                                                  /tmp/ccMaZUjQ.ltrans5.ltrans.o
                                                  build/obj/main.o (symbol from plugin)
PendSV_Handler                                    /tmp/ccMaZUjQ.ltrans9.ltrans.o
                                                  build/obj/vectors.o (symbol from plugin)
                                                  /tmp/ccMaZUjQ.ltrans0.ltrans.o
Reset_Handler                                     build/obj/crt0_v6m.o
                                                  /tmp/ccMaZUjQ.ltrans0.ltrans.o
                                                  build/obj/vectors.o (symbol from plugin)
SD2                                               /tmp/ccMaZUjQ.ltrans0.ltrans.o
                                                  build/obj/serial_lld.o (symbol from plugin)
                                                  /tmp/ccMaZUjQ.ltrans5.ltrans.o
SVC_Handler                                       /tmp/ccMaZUjQ.ltrans9.ltrans.o
                                                  build/obj/vectors.o (symbol from plugin)
                                                  /tmp/ccMaZUjQ.ltrans0.ltrans.o
SysTick_Handler                                   /tmp/ccMaZUjQ.ltrans6.ltrans.o
                                                  build/obj/st_lld.o (symbol from plugin)
                                                  build/obj/vectors.o (symbol from plugin)
                                                  /tmp/ccMaZUjQ.ltrans0.ltrans.o
SystemCoreClock                                   build/obj/hal_lld.o (symbol from plugin)
TestThread                                        build/obj/test.o (symbol from plugin)
UsageFault_Handler                                /tmp/ccMaZUjQ.ltrans9.ltrans.o
                                                  build/obj/vectors.o (symbol from plugin)
                                                  /tmp/ccMaZUjQ.ltrans0.ltrans.o
Vector1C                                          /tmp/ccMaZUjQ.ltrans9.ltrans.o
                                                  build/obj/vectors.o (symbol from plugin)
                                                  /tmp/ccMaZUjQ.ltrans0.ltrans.o
Vector20                                          /tmp/ccMaZUjQ.ltrans9.ltrans.o
                                                  build/obj/vectors.o (symbol from plugin)
                                                  /tmp/ccMaZUjQ.ltrans0.ltrans.o
Vector24                                          /tmp/ccMaZUjQ.ltrans9.ltrans.o
                                                  build/obj/vectors.o (symbol from plugin)
                                                  /tmp/ccMaZUjQ.ltrans0.ltrans.o
Vector28                                          /tmp/ccMaZUjQ.ltrans9.ltrans.o
                                                  build/obj/vectors.o (symbol from plugin)
                                                  /tmp/ccMaZUjQ.ltrans0.ltrans.o
Vector34                                          /tmp/ccMaZUjQ.ltrans9.ltrans.o
                                                  build/obj/vectors.o (symbol from plugin)
                                                  /tmp/ccMaZUjQ.ltrans0.ltrans.o
Vector40                                          /tmp/ccMaZUjQ.ltrans9.ltrans.o
                                                  build/obj/vectors.o (symbol from plugin)
                                                  /tmp/ccMaZUjQ.ltrans0.ltrans.o
Vector44                                          /tmp/ccMaZUjQ.ltrans9.ltrans.o
                                                  build/obj/vectors.o (symbol from plugin)
                                                  /tmp/ccMaZUjQ.ltrans0.ltrans.o
Vector48                                          /tmp/ccMaZUjQ.ltrans9.ltrans.o
                                                  build/obj/vectors.o (symbol from plugin)
                                                  /tmp/ccMaZUjQ.ltrans0.ltrans.o
Vector4C                                          /tmp/ccMaZUjQ.ltrans9.ltrans.o
                                                  build/obj/vectors.o (symbol from plugin)
                                                  /tmp/ccMaZUjQ.ltrans0.ltrans.o
Vector50                                          /tmp/ccMaZUjQ.ltrans9.ltrans.o
                                                  build/obj/vectors.o (symbol from plugin)
                                                  /tmp/ccMaZUjQ.ltrans0.ltrans.o
Vector54                                          /tmp/ccMaZUjQ.ltrans9.ltrans.o
                                                  build/obj/vectors.o (symbol from plugin)
                                                  /tmp/ccMaZUjQ.ltrans0.ltrans.o
Vector58                                          /tmp/ccMaZUjQ.ltrans9.ltrans.o
                                                  build/obj/vectors.o (symbol from plugin)
                                                  /tmp/ccMaZUjQ.ltrans0.ltrans.o
Vector5C                                          /tmp/ccMaZUjQ.ltrans9.ltrans.o
                                                  build/obj/vectors.o (symbol from plugin)
                                                  /tmp/ccMaZUjQ.ltrans0.ltrans.o
Vector60                                          /tmp/ccMaZUjQ.ltrans9.ltrans.o
                                                  build/obj/vectors.o (symbol from plugin)
                                                  /tmp/ccMaZUjQ.ltrans0.ltrans.o
Vector64                                          /tmp/ccMaZUjQ.ltrans9.ltrans.o
                                                  build/obj/vectors.o (symbol from plugin)
                                                  /tmp/ccMaZUjQ.ltrans0.ltrans.o
Vector68                                          /tmp/ccMaZUjQ.ltrans9.ltrans.o
                                                  build/obj/vectors.o (symbol from plugin)
                                                  /tmp/ccMaZUjQ.ltrans0.ltrans.o
Vector6C                                          /tmp/ccMaZUjQ.ltrans9.ltrans.o
                                                  build/obj/vectors.o (symbol from plugin)
                                                  /tmp/ccMaZUjQ.ltrans0.ltrans.o
Vector70                                          /tmp/ccMaZUjQ.ltrans9.ltrans.o
                                                  build/obj/vectors.o (symbol from plugin)
                                                  /tmp/ccMaZUjQ.ltrans0.ltrans.o
Vector74                                          /tmp/ccMaZUjQ.ltrans9.ltrans.o
                                                  build/obj/vectors.o (symbol from plugin)
                                                  /tmp/ccMaZUjQ.ltrans0.ltrans.o
Vector78                                          /tmp/ccMaZUjQ.ltrans9.ltrans.o
                                                  build/obj/vectors.o (symbol from plugin)
                                                  /tmp/ccMaZUjQ.ltrans0.ltrans.o
Vector7C                                          /tmp/ccMaZUjQ.ltrans6.ltrans.o
                                                  build/obj/pwm_lld.o (symbol from plugin)
                                                  build/obj/vectors.o (symbol from plugin)
                                                  /tmp/ccMaZUjQ.ltrans0.ltrans.o
Vector80                                          /tmp/ccMaZUjQ.ltrans6.ltrans.o
                                                  build/obj/pwm_lld.o (symbol from plugin)
                                                  build/obj/vectors.o (symbol from plugin)
                                                  /tmp/ccMaZUjQ.ltrans0.ltrans.o
Vector84                                          /tmp/ccMaZUjQ.ltrans9.ltrans.o
                                                  build/obj/vectors.o (symbol from plugin)
                                                  /tmp/ccMaZUjQ.ltrans0.ltrans.o
Vector88                                          /tmp/ccMaZUjQ.ltrans9.ltrans.o
                                                  build/obj/vectors.o (symbol from plugin)
                                                  /tmp/ccMaZUjQ.ltrans0.ltrans.o
Vector8C                                          /tmp/ccMaZUjQ.ltrans9.ltrans.o
                                                  build/obj/vectors.o (symbol from plugin)
                                                  /tmp/ccMaZUjQ.ltrans0.ltrans.o
Vector90                                          /tmp/ccMaZUjQ.ltrans9.ltrans.o
                                                  build/obj/vectors.o (symbol from plugin)
                                                  /tmp/ccMaZUjQ.ltrans0.ltrans.o
Vector94                                          /tmp/ccMaZUjQ.ltrans9.ltrans.o
                                                  build/obj/vectors.o (symbol from plugin)
                                                  /tmp/ccMaZUjQ.ltrans0.ltrans.o
Vector98                                          /tmp/ccMaZUjQ.ltrans9.ltrans.o
                                                  build/obj/vectors.o (symbol from plugin)
                                                  /tmp/ccMaZUjQ.ltrans0.ltrans.o
Vector9C                                          /tmp/ccMaZUjQ.ltrans9.ltrans.o
                                                  build/obj/vectors.o (symbol from plugin)
                                                  /tmp/ccMaZUjQ.ltrans0.ltrans.o
VectorA0                                          /tmp/ccMaZUjQ.ltrans9.ltrans.o
                                                  build/obj/vectors.o (symbol from plugin)
                                                  /tmp/ccMaZUjQ.ltrans0.ltrans.o
VectorA4                                          /tmp/ccMaZUjQ.ltrans9.ltrans.o
                                                  build/obj/vectors.o (symbol from plugin)
                                                  /tmp/ccMaZUjQ.ltrans0.ltrans.o
VectorA8                                          /tmp/ccMaZUjQ.ltrans9.ltrans.o
                                                  build/obj/vectors.o (symbol from plugin)
                                                  /tmp/ccMaZUjQ.ltrans0.ltrans.o
VectorAC                                          /tmp/ccMaZUjQ.ltrans9.ltrans.o
                                                  build/obj/vectors.o (symbol from plugin)
                                                  /tmp/ccMaZUjQ.ltrans0.ltrans.o
VectorB0                                          /tmp/ccMaZUjQ.ltrans5.ltrans.o
                                                  build/obj/serial_lld.o (symbol from plugin)
                                                  build/obj/vectors.o (symbol from plugin)
                                                  /tmp/ccMaZUjQ.ltrans0.ltrans.o
VectorB4                                          /tmp/ccMaZUjQ.ltrans9.ltrans.o
                                                  build/obj/vectors.o (symbol from plugin)
                                                  /tmp/ccMaZUjQ.ltrans0.ltrans.o
VectorB8                                          /tmp/ccMaZUjQ.ltrans9.ltrans.o
                                                  build/obj/vectors.o (symbol from plugin)
                                                  /tmp/ccMaZUjQ.ltrans0.ltrans.o
VectorBC                                          /tmp/ccMaZUjQ.ltrans9.ltrans.o
                                                  build/obj/vectors.o (symbol from plugin)
                                                  /tmp/ccMaZUjQ.ltrans0.ltrans.o
__aeabi_idiv0                                     /usr/bin/../lib/gcc/arm-none-eabi/5.4.1/armv6-m/libgcc.a(_dvmd_tls.o)
                                                  /usr/bin/../lib/gcc/arm-none-eabi/5.4.1/armv6-m/libgcc.a(_udivsi3.o)
__aeabi_ldiv0                                     /usr/bin/../lib/gcc/arm-none-eabi/5.4.1/armv6-m/libgcc.a(_dvmd_tls.o)
__aeabi_uidiv                                     /usr/bin/../lib/gcc/arm-none-eabi/5.4.1/armv6-m/libgcc.a(_udivsi3.o)
                                                  /tmp/ccMaZUjQ.ltrans5.ltrans.o
                                                  /tmp/ccMaZUjQ.ltrans4.ltrans.o
                                                  /tmp/ccMaZUjQ.ltrans0.ltrans.o
__aeabi_uidivmod                                  /usr/bin/../lib/gcc/arm-none-eabi/5.4.1/armv6-m/libgcc.a(_udivsi3.o)
                                                  /tmp/ccMaZUjQ.ltrans5.ltrans.o
__core_init                                       /tmp/ccMaZUjQ.ltrans9.ltrans.o
                                                  build/obj/crt1.o (symbol from plugin)
                                                  build/obj/crt0_v6m.o
__default_exit                                    /tmp/ccMaZUjQ.ltrans9.ltrans.o
                                                  build/obj/crt1.o (symbol from plugin)
                                                  build/obj/crt0_v6m.o
__early_init                                      /tmp/ccMaZUjQ.ltrans5.ltrans.o
                                                  build/obj/board.o (symbol from plugin)
                                                  build/obj/crt1.o (symbol from plugin)
                                                  build/obj/crt0_v6m.o
__fini_array_end                                  build/obj/crt0_v6m.o
__fini_array_start                                build/obj/crt0_v6m.o
__heap_base__                                     /tmp/ccMaZUjQ.ltrans7.ltrans.o
                                                  build/obj/chmemcore.o (symbol from plugin)
__heap_end__                                      /tmp/ccMaZUjQ.ltrans7.ltrans.o
                                                  build/obj/chmemcore.o (symbol from plugin)
__init_array_end                                  build/obj/crt0_v6m.o
__init_array_start                                build/obj/crt0_v6m.o
__init_ram_areas                                  /tmp/ccMaZUjQ.ltrans9.ltrans.o
                                                  build/obj/crt1.o (symbol from plugin)
                                                  build/obj/crt0_v6m.o
__late_init                                       /tmp/ccMaZUjQ.ltrans9.ltrans.o
                                                  build/obj/crt1.o (symbol from plugin)
                                                  build/obj/crt0_v6m.o
__main_stack_base__                               build/obj/crt0_v6m.o
__main_stack_end__                                /tmp/ccMaZUjQ.ltrans0.ltrans.o
                                                  build/obj/vectors.o (symbol from plugin)
                                                  build/obj/crt0_v6m.o
__process_stack_base__                            build/obj/crt0_v6m.o
__process_stack_end__                             build/obj/crt0_v6m.o
__ram0_clear__                                    /tmp/ccMaZUjQ.ltrans0.ltrans.o
                                                  build/obj/crt1.o (symbol from plugin)
__ram0_init__                                     /tmp/ccMaZUjQ.ltrans0.ltrans.o
                                                  build/obj/crt1.o (symbol from plugin)
__ram0_init_text__                                /tmp/ccMaZUjQ.ltrans0.ltrans.o
                                                  build/obj/crt1.o (symbol from plugin)
__ram0_noinit__                                   /tmp/ccMaZUjQ.ltrans0.ltrans.o
                                                  build/obj/crt1.o (symbol from plugin)
__ram1_clear__                                    /tmp/ccMaZUjQ.ltrans0.ltrans.o
                                                  build/obj/crt1.o (symbol from plugin)
__ram1_init__                                     /tmp/ccMaZUjQ.ltrans0.ltrans.o
                                                  build/obj/crt1.o (symbol from plugin)
__ram1_init_text__                                /tmp/ccMaZUjQ.ltrans0.ltrans.o
                                                  build/obj/crt1.o (symbol from plugin)
__ram1_noinit__                                   /tmp/ccMaZUjQ.ltrans0.ltrans.o
                                                  build/obj/crt1.o (symbol from plugin)
__ram2_clear__                                    /tmp/ccMaZUjQ.ltrans0.ltrans.o
                                                  build/obj/crt1.o (symbol from plugin)
__ram2_init__                                     /tmp/ccMaZUjQ.ltrans0.ltrans.o
                                                  build/obj/crt1.o (symbol from plugin)
__ram2_init_text__                                /tmp/ccMaZUjQ.ltrans0.ltrans.o
                                                  build/obj/crt1.o (symbol from plugin)
__ram2_noinit__                                   /tmp/ccMaZUjQ.ltrans0.ltrans.o
                                                  build/obj/crt1.o (symbol from plugin)
__ram3_clear__                                    /tmp/ccMaZUjQ.ltrans0.ltrans.o
                                                  build/obj/crt1.o (symbol from plugin)
__ram3_init__                                     /tmp/ccMaZUjQ.ltrans0.ltrans.o
                                                  build/obj/crt1.o (symbol from plugin)
__ram3_init_text__                                /tmp/ccMaZUjQ.ltrans0.ltrans.o
                                                  build/obj/crt1.o (symbol from plugin)
__ram3_noinit__                                   /tmp/ccMaZUjQ.ltrans0.ltrans.o
                                                  build/obj/crt1.o (symbol from plugin)
__ram4_clear__                                    /tmp/ccMaZUjQ.ltrans0.ltrans.o
                                                  build/obj/crt1.o (symbol from plugin)
__ram4_init__                                     /tmp/ccMaZUjQ.ltrans0.ltrans.o
                                                  build/obj/crt1.o (symbol from plugin)
__ram4_init_text__                                /tmp/ccMaZUjQ.ltrans0.ltrans.o
                                                  build/obj/crt1.o (symbol from plugin)
__ram4_noinit__                                   /tmp/ccMaZUjQ.ltrans0.ltrans.o
                                                  build/obj/crt1.o (symbol from plugin)
__ram5_clear__                                    /tmp/ccMaZUjQ.ltrans0.ltrans.o
                                                  build/obj/crt1.o (symbol from plugin)
__ram5_init__                                     /tmp/ccMaZUjQ.ltrans0.ltrans.o
                                                  build/obj/crt1.o (symbol from plugin)
__ram5_init_text__                                /tmp/ccMaZUjQ.ltrans0.ltrans.o
                                                  build/obj/crt1.o (symbol from plugin)
__ram5_noinit__                                   /tmp/ccMaZUjQ.ltrans0.ltrans.o
                                                  build/obj/crt1.o (symbol from plugin)
__ram6_clear__                                    /tmp/ccMaZUjQ.ltrans0.ltrans.o
                                                  build/obj/crt1.o (symbol from plugin)
__ram6_init__                                     /tmp/ccMaZUjQ.ltrans0.ltrans.o
                                                  build/obj/crt1.o (symbol from plugin)
__ram6_init_text__                                /tmp/ccMaZUjQ.ltrans0.ltrans.o
                                                  build/obj/crt1.o (symbol from plugin)
__ram6_noinit__                                   /tmp/ccMaZUjQ.ltrans0.ltrans.o
                                                  build/obj/crt1.o (symbol from plugin)
__ram7_clear__                                    /tmp/ccMaZUjQ.ltrans0.ltrans.o
                                                  build/obj/crt1.o (symbol from plugin)
__ram7_init__                                     /tmp/ccMaZUjQ.ltrans0.ltrans.o
                                                  build/obj/crt1.o (symbol from plugin)
__ram7_init_text__                                /tmp/ccMaZUjQ.ltrans0.ltrans.o
                                                  build/obj/crt1.o (symbol from plugin)
__ram7_noinit__                                   /tmp/ccMaZUjQ.ltrans0.ltrans.o
                                                  build/obj/crt1.o (symbol from plugin)
__udivsi3                                         /usr/bin/../lib/gcc/arm-none-eabi/5.4.1/armv6-m/libgcc.a(_udivsi3.o)
_bss_end                                          build/obj/crt0_v6m.o
_bss_start                                        build/obj/crt0_v6m.o
_core_init                                        /tmp/ccMaZUjQ.ltrans7.ltrans.o
                                                  build/obj/chmemcore.o (symbol from plugin)
                                                  /tmp/ccMaZUjQ.ltrans9.ltrans.o
                                                  build/obj/chsys.o (symbol from plugin)
_data                                             build/obj/crt0_v6m.o
_edata                                            build/obj/crt0_v6m.o
_heap_init                                        /tmp/ccMaZUjQ.ltrans7.ltrans.o
                                                  build/obj/chheap.o (symbol from plugin)
                                                  /tmp/ccMaZUjQ.ltrans9.ltrans.o
                                                  build/obj/chsys.o (symbol from plugin)
_pal_lld_init                                     /tmp/ccMaZUjQ.ltrans6.ltrans.o
                                                  build/obj/pal_lld.o (symbol from plugin)
                                                  /tmp/ccMaZUjQ.ltrans7.ltrans.o
                                                  build/obj/hal.o (symbol from plugin)
_pal_lld_setgroupmode                             build/obj/pal_lld.o (symbol from plugin)
                                                  build/obj/pal.o (symbol from plugin)
_port_exit_from_isr                               build/obj/chcoreasm_v6m.o
                                                  /tmp/ccMaZUjQ.ltrans7.ltrans.o
                                                  build/obj/chcore_v6m.o (symbol from plugin)
_port_irq_epilogue                                /tmp/ccMaZUjQ.ltrans7.ltrans.o
                                                  build/obj/chcore_v6m.o (symbol from plugin)
                                                  /tmp/ccMaZUjQ.ltrans6.ltrans.o
                                                  /tmp/ccMaZUjQ.ltrans5.ltrans.o
                                                  build/obj/serial_lld.o (symbol from plugin)
                                                  build/obj/pwm_lld.o (symbol from plugin)
                                                  build/obj/st_lld.o (symbol from plugin)
_port_switch                                      build/obj/chcoreasm_v6m.o
                                                  /tmp/ccMaZUjQ.ltrans9.ltrans.o
                                                  build/obj/chschd.o (symbol from plugin)
_port_switch_from_isr                             build/obj/chcoreasm_v6m.o
                                                  /tmp/ccMaZUjQ.ltrans7.ltrans.o
                                                  build/obj/chcore_v6m.o (symbol from plugin)
_port_thread_start                                build/obj/chcoreasm_v6m.o
                                                  /tmp/ccMaZUjQ.ltrans9.ltrans.o
                                                  build/obj/chthreads.o (symbol from plugin)
_scheduler_init                                   build/obj/chschd.o (symbol from plugin)
                                                  build/obj/chsys.o (symbol from plugin)
_test_assert                                      /tmp/ccMaZUjQ.ltrans5.ltrans.o
                                                  build/obj/test.o (symbol from plugin)
                                                  /tmp/ccMaZUjQ.ltrans4.ltrans.o
                                                  /tmp/ccMaZUjQ.ltrans3.ltrans.o
                                                  /tmp/ccMaZUjQ.ltrans2.ltrans.o
                                                  /tmp/ccMaZUjQ.ltrans1.ltrans.o
                                                  /tmp/ccMaZUjQ.ltrans0.ltrans.o
                                                  build/obj/testsys.o (symbol from plugin)
                                                  build/obj/testqueues.o (symbol from plugin)
                                                  build/obj/testdyn.o (symbol from plugin)
                                                  build/obj/testpools.o (symbol from plugin)
                                                  build/obj/testheap.o (symbol from plugin)
                                                  build/obj/testevt.o (symbol from plugin)
                                                  build/obj/testmbox.o (symbol from plugin)
                                                  build/obj/testmtx.o (symbol from plugin)
                                                  build/obj/testsem.o (symbol from plugin)
                                                  build/obj/testthd.o (symbol from plugin)
_test_assert_sequence                             /tmp/ccMaZUjQ.ltrans5.ltrans.o
                                                  build/obj/test.o (symbol from plugin)
                                                  /tmp/ccMaZUjQ.ltrans4.ltrans.o
                                                  /tmp/ccMaZUjQ.ltrans3.ltrans.o
                                                  /tmp/ccMaZUjQ.ltrans2.ltrans.o
                                                  /tmp/ccMaZUjQ.ltrans1.ltrans.o
                                                  build/obj/testqueues.o (symbol from plugin)
                                                  build/obj/testdyn.o (symbol from plugin)
                                                  build/obj/testevt.o (symbol from plugin)
                                                  build/obj/testmbox.o (symbol from plugin)
                                                  build/obj/testmsg.o (symbol from plugin)
                                                  build/obj/testmtx.o (symbol from plugin)
                                                  build/obj/testsem.o (symbol from plugin)
                                                  build/obj/testthd.o (symbol from plugin)
_test_assert_time_window                          /tmp/ccMaZUjQ.ltrans5.ltrans.o
                                                  build/obj/test.o (symbol from plugin)
                                                  /tmp/ccMaZUjQ.ltrans4.ltrans.o
                                                  /tmp/ccMaZUjQ.ltrans2.ltrans.o
                                                  build/obj/testevt.o (symbol from plugin)
                                                  build/obj/testsem.o (symbol from plugin)
                                                  build/obj/testthd.o (symbol from plugin)
_test_fail                                        build/obj/test.o (symbol from plugin)
_textdata                                         build/obj/crt0_v6m.o
_thread_init                                      build/obj/chthreads.o (symbol from plugin)
                                                  build/obj/chsys.o (symbol from plugin)
_unhandled_exception                              /tmp/ccMaZUjQ.ltrans9.ltrans.o
                                                  build/obj/vectors.o (symbol from plugin)
_vectors                                          /tmp/ccMaZUjQ.ltrans0.ltrans.o
                                                  build/obj/vectors.o (symbol from plugin)
_vt_init                                          build/obj/chvt.o (symbol from plugin)
                                                  build/obj/chsys.o (symbol from plugin)
boardInit                                         /tmp/ccMaZUjQ.ltrans5.ltrans.o
                                                  build/obj/board.o (symbol from plugin)
                                                  /tmp/ccMaZUjQ.ltrans7.ltrans.o
                                                  build/obj/hal.o (symbol from plugin)
c1.lto_priv.98                                    /tmp/ccMaZUjQ.ltrans0.ltrans.o
                                                  /tmp/ccMaZUjQ.ltrans3.ltrans.o
ch                                                /tmp/ccMaZUjQ.ltrans0.ltrans.o
                                                  build/obj/chschd.o (symbol from plugin)
                                                  /tmp/ccMaZUjQ.ltrans9.ltrans.o
                                                  /tmp/ccMaZUjQ.ltrans8.ltrans.o
                                                  /tmp/ccMaZUjQ.ltrans7.ltrans.o
                                                  /tmp/ccMaZUjQ.ltrans5.ltrans.o
                                                  /tmp/ccMaZUjQ.ltrans4.ltrans.o
                                                  /tmp/ccMaZUjQ.ltrans3.ltrans.o
                                                  /tmp/ccMaZUjQ.ltrans2.ltrans.o
                                                  /tmp/ccMaZUjQ.ltrans1.ltrans.o
                                                  build/obj/main.o (symbol from plugin)
                                                  build/obj/testbmk.o (symbol from plugin)
                                                  build/obj/testqueues.o (symbol from plugin)
                                                  build/obj/testdyn.o (symbol from plugin)
                                                  build/obj/testevt.o (symbol from plugin)
                                                  build/obj/testmsg.o (symbol from plugin)
                                                  build/obj/testmtx.o (symbol from plugin)
                                                  build/obj/testsem.o (symbol from plugin)
                                                  build/obj/testthd.o (symbol from plugin)
                                                  build/obj/test.o (symbol from plugin)
                                                  build/obj/hal_buffers.o (symbol from plugin)
                                                  build/obj/chmsg.o (symbol from plugin)
                                                  build/obj/chevents.o (symbol from plugin)
                                                  build/obj/chcond.o (symbol from plugin)
                                                  build/obj/chmtx.o (symbol from plugin)
                                                  build/obj/chsem.o (symbol from plugin)
                                                  build/obj/chregistry.o (symbol from plugin)
                                                  build/obj/chthreads.o (symbol from plugin)
                                                  build/obj/chvt.o (symbol from plugin)
                                                  build/obj/chsys.o (symbol from plugin)
chCondBroadcast                                   /tmp/ccMaZUjQ.ltrans8.ltrans.o
                                                  build/obj/chcond.o (symbol from plugin)
                                                  /tmp/ccMaZUjQ.ltrans3.ltrans.o
                                                  build/obj/testmtx.o (symbol from plugin)
chCondBroadcastI                                  build/obj/chcond.o (symbol from plugin)
chCondObjectInit                                  /tmp/ccMaZUjQ.ltrans8.ltrans.o
                                                  build/obj/chcond.o (symbol from plugin)
                                                  /tmp/ccMaZUjQ.ltrans3.ltrans.o
                                                  build/obj/testmtx.o (symbol from plugin)
chCondSignal                                      /tmp/ccMaZUjQ.ltrans8.ltrans.o
                                                  build/obj/chcond.o (symbol from plugin)
                                                  /tmp/ccMaZUjQ.ltrans3.ltrans.o
                                                  build/obj/testmtx.o (symbol from plugin)
chCondSignalI                                     /tmp/ccMaZUjQ.ltrans8.ltrans.o
                                                  build/obj/chcond.o (symbol from plugin)
                                                  /tmp/ccMaZUjQ.ltrans3.ltrans.o
                                                  build/obj/testmtx.o (symbol from plugin)
chCondWait                                        /tmp/ccMaZUjQ.ltrans8.ltrans.o
                                                  build/obj/chcond.o (symbol from plugin)
                                                  /tmp/ccMaZUjQ.ltrans3.ltrans.o
                                                  build/obj/testmtx.o (symbol from plugin)
chCondWaitS                                       build/obj/chcond.o (symbol from plugin)
chCondWaitTimeout                                 /tmp/ccMaZUjQ.ltrans8.ltrans.o
                                                  build/obj/chcond.o (symbol from plugin)